<?xml version='1.0' encoding='UTF-8'?>
<caom2:Observation xmlns:caom2="http://www.opencadc.org/caom2/xml/v2.3" xmlns:xsi="http://www.w3.org/2001/XMLSchema-instance" xsi:type="caom2:CompositeObservation" caom2:id="38306d2e-7383-4ef5-9395-b29373b567d6">
  <caom2:collection>GEMINI</caom2:collection>
  <caom2:observationID>GN-2019B-FT-101-31-002-CTFBRSN</caom2:observationID>
  <caom2:metaRelease>2020-06-30T18:31:16.000</caom2:metaRelease>
  <caom2:algorithm>
    <caom2:name>composite</caom2:name>
  </caom2:algorithm>
  <caom2:type>OBJECT</caom2:type>
  <caom2:intent>science</caom2:intent>
  <caom2:target>
    <caom2:name>Mrk955</caom2:name>
  </caom2:target>
  <caom2:telescope>
    <caom2:name>Gemini-North</caom2:name>
  </caom2:telescope>
  <caom2:instrument>
    <caom2:name>NIFS</caom2:name>
  </caom2:instrument>
  <caom2:planes>
    <caom2:plane caom2:id="e7e1440f-191e-4adb-954a-88c6db2191b5">
      <caom2:productID>ctfbrsnN20191027S0084</caom2:productID>
      <caom2:metaRelease>2020-04-27T00:00:00.000</caom2:metaRelease>
      <caom2:dataRelease>2020-04-27T00:00:00.000</caom2:dataRelease>
      <caom2:dataProductType>image</caom2:dataProductType>
      <caom2:calibrationLevel>2</caom2:calibrationLevel>
      <caom2:provenance>
        <caom2:name>Nifty4Gemini</caom2:name>
        <caom2:producer>CADC</caom2:producer>
        <caom2:reference>https://doi.org/10.5281/zenodo.897014</caom2:reference>
        <caom2:lastExecuted>2020-06-30T18:31:16.000</caom2:lastExecuted>
      </caom2:provenance>
      <caom2:artifacts>
        <caom2:artifact caom2:id="48b52086-47be-4ea6-b7fa-16ac873c61b0">
          <caom2:uri>ad:GEM/ctfbrsnN20191027S0084.fits</caom2:uri>
          <caom2:productType>science</caom2:productType>
          <caom2:releaseType>data</caom2:releaseType>
          <caom2:contentType>application/fits</caom2:contentType>
          <caom2:contentLength>30504960</caom2:contentLength>
          <caom2:contentChecksum>md5:a54c1b3c60dc57b0ebed89ba183b598d</caom2:contentChecksum>
          <caom2:parts>
            <caom2:part caom2:id="3c4afd1a-bb46-42db-954e-ebcc4fd2dac4">
              <caom2:name>0</caom2:name>
              <caom2:chunks/>
            </caom2:part>
            <caom2:part caom2:id="afbbcd05-656f-4c50-954e-942169bcccf6">
              <caom2:name>1</caom2:name>
              <caom2:productType>science</caom2:productType>
              <caom2:chunks>
                <caom2:chunk caom2:id="338219ed-c645-4868-b465-7b6ec9782ed6">
                  <caom2:energyAxis>1</caom2:energyAxis>
                  <caom2:energy>
                    <caom2:axis>
                      <caom2:axis>
                        <caom2:ctype>WAVE</caom2:ctype>
                        <caom2:cunit>Angstrom</caom2:cunit>
                      </caom2:axis>
                      <caom2:function>
                        <caom2:naxis>60</caom2:naxis>
                        <caom2:delta>0.05</caom2:delta>
                        <caom2:refCoord>
                          <caom2:pix>57.0</caom2:pix>
                          <caom2:val>2.987</caom2:val>
                        </caom2:refCoord>
                      </caom2:function>
                    </caom2:axis>
                    <caom2:specsys>TOPOCENT</caom2:specsys>
                  </caom2:energy>
                  <caom2:time>
                    <caom2:axis>
                      <caom2:axis>
                        <caom2:ctype>TIME</caom2:ctype>
                        <caom2:cunit>d</caom2:cunit>
                      </caom2:axis>
                      <caom2:error>
                        <caom2:syser>1e-07</caom2:syser>
                        <caom2:rnder>1e-07</caom2:rnder>
                      </caom2:error>
                      <caom2:function>
                        <caom2:naxis>1</caom2:naxis>
                        <caom2:delta>600.0</caom2:delta>
                        <caom2:refCoord>
                          <caom2:pix>0.5</caom2:pix>
                          <caom2:val>58783.390867</caom2:val>
                        </caom2:refCoord>
                      </caom2:function>
                    </caom2:axis>
                    <caom2:timesys>UTC</caom2:timesys>
                    <caom2:exposure>600.0</caom2:exposure>
                    <caom2:resolution>0.006944444444444444</caom2:resolution>
                  </caom2:time>
                </caom2:chunk>
              </caom2:chunks>
            </caom2:part>
            <caom2:part caom2:id="e732d039-7d3b-456d-848e-42691fff37f4">
              <caom2:name>2</caom2:name>
              <caom2:chunks/>
            </caom2:part>
            <caom2:part caom2:id="6cdd1456-f9a8-4398-8965-ad1839f52689">
              <caom2:name>3</caom2:name>
              <caom2:chunks/>
            </caom2:part>
          </caom2:parts>
        </caom2:artifact>
      </caom2:artifacts>
    </caom2:plane>
  </caom2:planes>
</caom2:Observation>
