<?xml version='1.0' encoding='UTF-8'?>
<caom2:Observation xmlns:caom2="http://www.opencadc.org/caom2/xml/v2.3" xmlns:xsi="http://www.w3.org/2001/XMLSchema-instance" xsi:type="caom2:CompositeObservation" caom2:id="583c6461-88dd-4525-8657-2e7f0e449b26">
  <caom2:collection>GEMINI</caom2:collection>
  <caom2:observationID>GN-2019A-Q-208-70-001</caom2:observationID>
  <caom2:metaRelease>2020-06-07T23:48:35.000</caom2:metaRelease>
  <caom2:algorithm>
    <caom2:name>composite</caom2:name>
  </caom2:algorithm>
  <caom2:type>OBJECT</caom2:type>
  <caom2:intent>science</caom2:intent>
  <caom2:target>
    <caom2:name>LkHa312</caom2:name>
  </caom2:target>
  <caom2:telescope>
    <caom2:name>Gemini-North</caom2:name>
  </caom2:telescope>
  <caom2:instrument>
    <caom2:name>NIFS</caom2:name>
  </caom2:instrument>
  <caom2:planes>
    <caom2:plane caom2:id="b92c5898-52f5-4cd3-8c46-bd57c6cb9cec">
      <caom2:productID>ctfbrsnN20190303S0052</caom2:productID>
      <caom2:metaRelease>2020-03-03T00:00:00.000</caom2:metaRelease>
      <caom2:dataRelease>2020-03-03T00:00:00.000</caom2:dataRelease>
      <caom2:dataProductType>image</caom2:dataProductType>
      <caom2:calibrationLevel>2</caom2:calibrationLevel>
      <caom2:provenance>
        <caom2:name>Nifty4Gemini</caom2:name>
        <caom2:producer>CADC</caom2:producer>
        <caom2:reference>https://doi.org/10.5281/zenodo.897014</caom2:reference>
        <caom2:lastExecuted>2020-06-07T23:48:35.000</caom2:lastExecuted>
      </caom2:provenance>
      <caom2:artifacts>
        <caom2:artifact caom2:id="3e94a6d1-c002-4b8f-8a17-13a4152fede2">
          <caom2:uri>ad:GEM/ctfbrsnN20190303S0052.fits</caom2:uri>
          <caom2:productType>science</caom2:productType>
          <caom2:releaseType>data</caom2:releaseType>
          <caom2:contentType>application/fits</caom2:contentType>
          <caom2:contentLength>30378240</caom2:contentLength>
          <caom2:contentChecksum>md5:ae2a953c2574bcaeedd9db549ecf18c4</caom2:contentChecksum>
          <caom2:parts>
            <caom2:part caom2:id="a0b54204-1a9e-4056-807c-34e8fbe445d1">
              <caom2:name>0</caom2:name>
              <caom2:chunks/>
            </caom2:part>
            <caom2:part caom2:id="260a6b2d-67ef-4a46-9d60-ec88705bfcb5">
              <caom2:name>1</caom2:name>
              <caom2:productType>science</caom2:productType>
              <caom2:chunks>
                <caom2:chunk caom2:id="d2a27ebd-e5ed-4fe7-8b1a-57bd41dac746">
                  <caom2:naxis>3</caom2:naxis>
                  <caom2:positionAxis1>1</caom2:positionAxis1>
                  <caom2:positionAxis2>2</caom2:positionAxis2>
                  <caom2:energyAxis>3</caom2:energyAxis>
                  <caom2:position>
                    <caom2:axis>
                      <caom2:axis1>
                        <caom2:ctype>RA---TAN</caom2:ctype>
                        <caom2:cunit>deg</caom2:cunit>
                      </caom2:axis1>
                      <caom2:axis2>
                        <caom2:ctype>DEC--TAN</caom2:ctype>
                        <caom2:cunit>deg</caom2:cunit>
                      </caom2:axis2>
                      <caom2:function>
                        <caom2:dimension>
                          <caom2:naxis1>60</caom2:naxis1>
                          <caom2:naxis2>62</caom2:naxis2>
                        </caom2:dimension>
                        <caom2:refCoord>
                          <caom2:coord1>
                            <caom2:pix>30.0</caom2:pix>
                            <caom2:val>86.808202</caom2:val>
                          </caom2:coord1>
                          <caom2:coord2>
                            <caom2:pix>31.0</caom2:pix>
                            <caom2:val>0.004185</caom2:val>
                          </caom2:coord2>
                        </caom2:refCoord>
                        <caom2:cd11>1.38888888888888e-05</caom2:cd11>
                        <caom2:cd12>0.0</caom2:cd12>
                        <caom2:cd21>0.0</caom2:cd21>
                        <caom2:cd22>1.34408602150537e-05</caom2:cd22>
                      </caom2:function>
                    </caom2:axis>
                    <caom2:coordsys>FK5</caom2:coordsys>
                    <caom2:equinox>2000.0</caom2:equinox>
                  </caom2:position>
                  <caom2:energy>
                    <caom2:axis>
                      <caom2:axis>
                        <caom2:ctype>WAVE</caom2:ctype>
                        <caom2:cunit>Angstrom</caom2:cunit>
                      </caom2:axis>
                      <caom2:function>
                        <caom2:naxis>2040</caom2:naxis>
                        <caom2:delta>1.60068702697754</caom2:delta>
                        <caom2:refCoord>
                          <caom2:pix>1.0</caom2:pix>
                          <caom2:val>14740.759765625</caom2:val>
                        </caom2:refCoord>
                      </caom2:function>
                    </caom2:axis>
                    <caom2:specsys>TOPOCENT</caom2:specsys>
                  </caom2:energy>
                  <caom2:time>
                    <caom2:axis>
                      <caom2:axis>
                        <caom2:ctype>TIME</caom2:ctype>
                        <caom2:cunit>d</caom2:cunit>
                      </caom2:axis>
                      <caom2:error>
                        <caom2:syser>1e-07</caom2:syser>
                        <caom2:rnder>1e-07</caom2:rnder>
                      </caom2:error>
                      <caom2:function>
                        <caom2:naxis>1</caom2:naxis>
                        <caom2:delta>190.0</caom2:delta>
                        <caom2:refCoord>
                          <caom2:pix>0.5</caom2:pix>
                          <caom2:val>58545.299043</caom2:val>
                        </caom2:refCoord>
                      </caom2:function>
                    </caom2:axis>
                    <caom2:timesys>UTC</caom2:timesys>
                    <caom2:exposure>190.0</caom2:exposure>
                    <caom2:resolution>0.002199074074074074</caom2:resolution>
                  </caom2:time>
                </caom2:chunk>
              </caom2:chunks>
            </caom2:part>
          </caom2:parts>
        </caom2:artifact>
      </caom2:artifacts>
    </caom2:plane>
  </caom2:planes>
</caom2:Observation>
