<?xml version='1.0' encoding='UTF-8'?>
<caom2:Observation xmlns:caom2="http://www.opencadc.org/caom2/xml/v2.3" xmlns:xsi="http://www.w3.org/2001/XMLSchema-instance" xsi:type="caom2:CompositeObservation" caom2:id="deec0603-5d5f-4aa7-89f0-a4c232052b8a">
  <caom2:collection>GEMINI</caom2:collection>
  <caom2:observationID>GN-2014A-Q-85-12-002-CTFBRSN</caom2:observationID>
  <caom2:metaRelease>2020-06-29T18:11:17.000</caom2:metaRelease>
  <caom2:algorithm>
    <caom2:name>composite</caom2:name>
  </caom2:algorithm>
  <caom2:type>OBJECT</caom2:type>
  <caom2:intent>science</caom2:intent>
  <caom2:target>
    <caom2:name>Titan</caom2:name>
  </caom2:target>
  <caom2:telescope>
    <caom2:name>Gemini-North</caom2:name>
  </caom2:telescope>
  <caom2:instrument>
    <caom2:name>NIFS</caom2:name>
  </caom2:instrument>
  <caom2:planes>
    <caom2:plane caom2:id="fb0ad8c5-b276-4ae7-a02b-c348e4321d16">
      <caom2:productID>ctfbrsnN20140428S0086</caom2:productID>
      <caom2:metaRelease>2015-10-28T00:00:00.000</caom2:metaRelease>
      <caom2:dataRelease>2015-10-28T00:00:00.000</caom2:dataRelease>
      <caom2:dataProductType>image</caom2:dataProductType>
      <caom2:calibrationLevel>2</caom2:calibrationLevel>
      <caom2:provenance>
        <caom2:name>Nifty4Gemini</caom2:name>
        <caom2:producer>CADC</caom2:producer>
        <caom2:reference>https://doi.org/10.5281/zenodo.897014</caom2:reference>
        <caom2:lastExecuted>2020-06-29T18:11:17.000</caom2:lastExecuted>
      </caom2:provenance>
      <caom2:artifacts>
        <caom2:artifact caom2:id="a9cd1ebb-8882-4058-98e3-b6af35431127">
          <caom2:uri>ad:GEM/ctfbrsnN20140428S0086.fits</caom2:uri>
          <caom2:productType>science</caom2:productType>
          <caom2:releaseType>data</caom2:releaseType>
          <caom2:contentType>application/fits</caom2:contentType>
          <caom2:contentLength>30504960</caom2:contentLength>
          <caom2:contentChecksum>md5:87806434f26685cbef5a2ed7a8713ac2</caom2:contentChecksum>
          <caom2:parts>
            <caom2:part caom2:id="a2283dba-08c6-4dce-8156-522115481ad8">
              <caom2:name>0</caom2:name>
              <caom2:chunks/>
            </caom2:part>
            <caom2:part caom2:id="89e91990-919c-456c-9c39-07cacf891156">
              <caom2:name>1</caom2:name>
              <caom2:productType>science</caom2:productType>
              <caom2:chunks>
                <caom2:chunk caom2:id="9b8fc660-2a3f-43eb-a450-301237d180bf">
                  <caom2:naxis>1</caom2:naxis>
                  <caom2:energyAxis>1</caom2:energyAxis>
                  <caom2:energy>
                    <caom2:axis>
                      <caom2:axis>
                        <caom2:ctype>WAVE</caom2:ctype>
                        <caom2:cunit>Angstrom</caom2:cunit>
                      </caom2:axis>
                      <caom2:function>
                        <caom2:naxis>60</caom2:naxis>
                        <caom2:delta>0.05</caom2:delta>
                        <caom2:refCoord>
                          <caom2:pix>57.0</caom2:pix>
                          <caom2:val>2.987</caom2:val>
                        </caom2:refCoord>
                      </caom2:function>
                    </caom2:axis>
                    <caom2:specsys>TOPOCENT</caom2:specsys>
                  </caom2:energy>
                </caom2:chunk>
              </caom2:chunks>
            </caom2:part>
            <caom2:part caom2:id="da942d2a-510a-4629-babe-c0b975e4aaa1">
              <caom2:name>2</caom2:name>
              <caom2:chunks>
                <caom2:chunk caom2:id="3005598a-d102-442b-8a4a-7490110b4566"/>
              </caom2:chunks>
            </caom2:part>
            <caom2:part caom2:id="2f02c06f-0af4-4849-8e76-15cc432fa96c">
              <caom2:name>3</caom2:name>
              <caom2:chunks>
                <caom2:chunk caom2:id="9e49101c-9a72-453f-8b45-c06a1c0a3a89">
                  <caom2:naxis>2</caom2:naxis>
                  <caom2:positionAxis1>1</caom2:positionAxis1>
                  <caom2:positionAxis2>2</caom2:positionAxis2>
                  <caom2:position>
                    <caom2:axis>
                      <caom2:axis1>
                        <caom2:ctype>RA---TAN</caom2:ctype>
                        <caom2:cunit>deg</caom2:cunit>
                      </caom2:axis1>
                      <caom2:axis2>
                        <caom2:ctype>DEC--TAN</caom2:ctype>
                        <caom2:cunit>deg</caom2:cunit>
                      </caom2:axis2>
                      <caom2:function>
                        <caom2:dimension>
                          <caom2:naxis1>2040</caom2:naxis1>
                          <caom2:naxis2>2080</caom2:naxis2>
                        </caom2:dimension>
                        <caom2:refCoord>
                          <caom2:coord1>
                            <caom2:pix>15.000027</caom2:pix>
                            <caom2:val>316.872214</caom2:val>
                          </caom2:coord1>
                          <caom2:coord2>
                            <caom2:pix>33.999888</caom2:pix>
                            <caom2:val>19.794123</caom2:val>
                          </caom2:coord2>
                        </caom2:refCoord>
                        <caom2:cd11>-4.2e-05</caom2:cd11>
                        <caom2:cd12>-9e-06</caom2:cd12>
                        <caom2:cd21>2.2e-05</caom2:cd21>
                        <caom2:cd22>-1.7e-05</caom2:cd22>
                      </caom2:function>
                    </caom2:axis>
                    <caom2:coordsys>FK5</caom2:coordsys>
                    <caom2:equinox>2000.0</caom2:equinox>
                  </caom2:position>
                </caom2:chunk>
              </caom2:chunks>
            </caom2:part>
          </caom2:parts>
        </caom2:artifact>
      </caom2:artifacts>
    </caom2:plane>
  </caom2:planes>
</caom2:Observation>
