<?xml version='1.0' encoding='UTF-8'?>
<caom2:Observation xmlns:caom2="http://www.opencadc.org/caom2/xml/v2.3" xmlns:xsi="http://www.w3.org/2001/XMLSchema-instance" xsi:type="caom2:CompositeObservation" caom2:id="077a44f3-12e7-4aca-9682-9893abd61609">
  <caom2:collection>GEMINI</caom2:collection>
  <caom2:observationID>GN-2014A-Q-85-16-014-RGN-RONCHI</caom2:observationID>
  <caom2:metaRelease>2020-06-29T15:59:15.000</caom2:metaRelease>
  <caom2:algorithm>
    <caom2:name>composite</caom2:name>
  </caom2:algorithm>
  <caom2:type>FLAT</caom2:type>
  <caom2:intent>science</caom2:intent>
  <caom2:target>
    <caom2:name>GCALflat</caom2:name>
  </caom2:target>
  <caom2:telescope>
    <caom2:name>Gemini-North</caom2:name>
  </caom2:telescope>
  <caom2:instrument>
    <caom2:name>NIFS</caom2:name>
  </caom2:instrument>
  <caom2:planes>
    <caom2:plane caom2:id="2149895f-db48-4321-8f91-2900298a162f">
      <caom2:productID>rgnN20140428S0182_ronchi</caom2:productID>
      <caom2:metaRelease>2014-04-28T00:00:00.000</caom2:metaRelease>
      <caom2:dataRelease>2014-04-28T00:00:00.000</caom2:dataRelease>
      <caom2:dataProductType>image</caom2:dataProductType>
      <caom2:calibrationLevel>2</caom2:calibrationLevel>
      <caom2:provenance>
        <caom2:name>Nifty4Gemini</caom2:name>
        <caom2:producer>CADC</caom2:producer>
        <caom2:reference>https://doi.org/10.5281/zenodo.897014</caom2:reference>
        <caom2:lastExecuted>2020-06-29T15:59:15.000</caom2:lastExecuted>
        <caom2:inputs>
          <caom2:planeURI>caom:GEMINI/GN-2014A-Q-85-16-007/N20140428S0175</caom2:planeURI>
          <caom2:planeURI>caom:GEMINI/GN-2014A-Q-85-16-006/N20140428S0174</caom2:planeURI>
          <caom2:planeURI>caom:GEMINI/GN-2014A-Q-85-16-009/N20140428S0177</caom2:planeURI>
          <caom2:planeURI>caom:GEMINI/GN-2014A-Q-85-16-014/N20140428S0182</caom2:planeURI>
          <caom2:planeURI>caom:GEMINI/GN-2014A-Q-85-16-008/N20140428S0176</caom2:planeURI>
          <caom2:planeURI>caom:GEMINI/GN-2014A-Q-85-16-013/N20140428S0181</caom2:planeURI>
          <caom2:planeURI>caom:GEMINI/GN-2014A-Q-85-16-010/N20140428S0178</caom2:planeURI>
        </caom2:inputs>
      </caom2:provenance>
      <caom2:artifacts>
        <caom2:artifact caom2:id="cf1c49cc-c75b-47a2-b1b6-f4aa4693d449">
          <caom2:uri>ad:GEM/rgnN20140428S0182_ronchi.fits</caom2:uri>
          <caom2:productType>science</caom2:productType>
          <caom2:releaseType>data</caom2:releaseType>
          <caom2:contentType>application/fits</caom2:contentType>
          <caom2:contentLength>16680960</caom2:contentLength>
          <caom2:contentChecksum>md5:718558318d114634fcc8b07c18cf33bc</caom2:contentChecksum>
          <caom2:parts>
            <caom2:part caom2:id="0575d185-6373-44a7-b26b-2c56020034a7">
              <caom2:name>0</caom2:name>
              <caom2:chunks/>
            </caom2:part>
            <caom2:part caom2:id="c7188577-777a-48c8-b66a-1ffb3706c231">
              <caom2:name>1</caom2:name>
              <caom2:chunks/>
            </caom2:part>
            <caom2:part caom2:id="841a0c31-360d-4892-9c13-bce04f1a13b1">
              <caom2:name>2</caom2:name>
              <caom2:productType>science</caom2:productType>
              <caom2:chunks>
                <caom2:chunk caom2:id="d89e324f-a14b-4615-8ebd-4390a70688e9">
                  <caom2:energyAxis>1</caom2:energyAxis>
                  <caom2:energy>
                    <caom2:axis>
                      <caom2:axis>
                        <caom2:ctype>WAVE</caom2:ctype>
                        <caom2:cunit>Angstrom</caom2:cunit>
                      </caom2:axis>
                      <caom2:function>
                        <caom2:naxis>2040</caom2:naxis>
                        <caom2:delta>-2.115</caom2:delta>
                        <caom2:refCoord>
                          <caom2:pix>1020.0</caom2:pix>
                          <caom2:val>22000.0</caom2:val>
                        </caom2:refCoord>
                      </caom2:function>
                    </caom2:axis>
                    <caom2:specsys>TOPOCENT</caom2:specsys>
                  </caom2:energy>
                </caom2:chunk>
              </caom2:chunks>
            </caom2:part>
            <caom2:part caom2:id="3ae52a85-4d00-4e5d-96cf-c7ebb3fdfd94">
              <caom2:name>3</caom2:name>
              <caom2:productType>science</caom2:productType>
              <caom2:chunks>
                <caom2:chunk caom2:id="2587338c-6e78-4af2-b178-d82dc727f535">
                  <caom2:energyAxis>1</caom2:energyAxis>
                  <caom2:energy>
                    <caom2:axis>
                      <caom2:axis>
                        <caom2:ctype>WAVE</caom2:ctype>
                        <caom2:cunit>Angstrom</caom2:cunit>
                      </caom2:axis>
                      <caom2:function>
                        <caom2:naxis>2040</caom2:naxis>
                        <caom2:delta>-2.115</caom2:delta>
                        <caom2:refCoord>
                          <caom2:pix>1020.0</caom2:pix>
                          <caom2:val>22000.0</caom2:val>
                        </caom2:refCoord>
                      </caom2:function>
                    </caom2:axis>
                    <caom2:specsys>TOPOCENT</caom2:specsys>
                  </caom2:energy>
                </caom2:chunk>
              </caom2:chunks>
            </caom2:part>
            <caom2:part caom2:id="fbcbc966-23e9-4725-8aad-07126608e9dc">
              <caom2:name>4</caom2:name>
              <caom2:productType>science</caom2:productType>
              <caom2:chunks>
                <caom2:chunk caom2:id="1320f890-b693-4ae0-b2a1-1f0203d70e7b">
                  <caom2:energyAxis>1</caom2:energyAxis>
                  <caom2:energy>
                    <caom2:axis>
                      <caom2:axis>
                        <caom2:ctype>WAVE</caom2:ctype>
                        <caom2:cunit>Angstrom</caom2:cunit>
                      </caom2:axis>
                      <caom2:function>
                        <caom2:naxis>2040</caom2:naxis>
                        <caom2:delta>-2.115</caom2:delta>
                        <caom2:refCoord>
                          <caom2:pix>1020.0</caom2:pix>
                          <caom2:val>22000.0</caom2:val>
                        </caom2:refCoord>
                      </caom2:function>
                    </caom2:axis>
                    <caom2:specsys>TOPOCENT</caom2:specsys>
                  </caom2:energy>
                </caom2:chunk>
              </caom2:chunks>
            </caom2:part>
            <caom2:part caom2:id="66f618be-1a57-4aa4-b392-cfe84ca6dcc6">
              <caom2:name>5</caom2:name>
              <caom2:productType>science</caom2:productType>
              <caom2:chunks>
                <caom2:chunk caom2:id="00790e3e-2ebf-4b8d-aa7a-92d37f481ef5">
                  <caom2:energyAxis>1</caom2:energyAxis>
                  <caom2:energy>
                    <caom2:axis>
                      <caom2:axis>
                        <caom2:ctype>WAVE</caom2:ctype>
                        <caom2:cunit>Angstrom</caom2:cunit>
                      </caom2:axis>
                      <caom2:function>
                        <caom2:naxis>2040</caom2:naxis>
                        <caom2:delta>-2.115</caom2:delta>
                        <caom2:refCoord>
                          <caom2:pix>1020.0</caom2:pix>
                          <caom2:val>22000.0</caom2:val>
                        </caom2:refCoord>
                      </caom2:function>
                    </caom2:axis>
                    <caom2:specsys>TOPOCENT</caom2:specsys>
                  </caom2:energy>
                </caom2:chunk>
              </caom2:chunks>
            </caom2:part>
            <caom2:part caom2:id="99f96618-feb5-45e1-ab64-20026f657f88">
              <caom2:name>6</caom2:name>
              <caom2:productType>science</caom2:productType>
              <caom2:chunks>
                <caom2:chunk caom2:id="2c346cb8-0964-42fa-8ddb-67c6d56cdac0">
                  <caom2:energyAxis>1</caom2:energyAxis>
                  <caom2:energy>
                    <caom2:axis>
                      <caom2:axis>
                        <caom2:ctype>WAVE</caom2:ctype>
                        <caom2:cunit>Angstrom</caom2:cunit>
                      </caom2:axis>
                      <caom2:function>
                        <caom2:naxis>2040</caom2:naxis>
                        <caom2:delta>-2.115</caom2:delta>
                        <caom2:refCoord>
                          <caom2:pix>1020.0</caom2:pix>
                          <caom2:val>22000.0</caom2:val>
                        </caom2:refCoord>
                      </caom2:function>
                    </caom2:axis>
                    <caom2:specsys>TOPOCENT</caom2:specsys>
                  </caom2:energy>
                </caom2:chunk>
              </caom2:chunks>
            </caom2:part>
            <caom2:part caom2:id="0e9b5a42-016e-43ac-bcff-85d563504990">
              <caom2:name>7</caom2:name>
              <caom2:productType>science</caom2:productType>
              <caom2:chunks>
                <caom2:chunk caom2:id="82855a61-9e55-4a54-b895-f885a06e1c36">
                  <caom2:energyAxis>1</caom2:energyAxis>
                  <caom2:energy>
                    <caom2:axis>
                      <caom2:axis>
                        <caom2:ctype>WAVE</caom2:ctype>
                        <caom2:cunit>Angstrom</caom2:cunit>
                      </caom2:axis>
                      <caom2:function>
                        <caom2:naxis>2040</caom2:naxis>
                        <caom2:delta>-2.115</caom2:delta>
                        <caom2:refCoord>
                          <caom2:pix>1020.0</caom2:pix>
                          <caom2:val>22000.0</caom2:val>
                        </caom2:refCoord>
                      </caom2:function>
                    </caom2:axis>
                    <caom2:specsys>TOPOCENT</caom2:specsys>
                  </caom2:energy>
                </caom2:chunk>
              </caom2:chunks>
            </caom2:part>
            <caom2:part caom2:id="65b7e934-2395-4d48-a3d8-55919d89fbf0">
              <caom2:name>8</caom2:name>
              <caom2:productType>science</caom2:productType>
              <caom2:chunks>
                <caom2:chunk caom2:id="0aa0354f-31f3-4d5f-98cd-004ae5cbdfaa">
                  <caom2:energyAxis>1</caom2:energyAxis>
                  <caom2:energy>
                    <caom2:axis>
                      <caom2:axis>
                        <caom2:ctype>WAVE</caom2:ctype>
                        <caom2:cunit>Angstrom</caom2:cunit>
                      </caom2:axis>
                      <caom2:function>
                        <caom2:naxis>2040</caom2:naxis>
                        <caom2:delta>-2.115</caom2:delta>
                        <caom2:refCoord>
                          <caom2:pix>1020.0</caom2:pix>
                          <caom2:val>22000.0</caom2:val>
                        </caom2:refCoord>
                      </caom2:function>
                    </caom2:axis>
                    <caom2:specsys>TOPOCENT</caom2:specsys>
                  </caom2:energy>
                </caom2:chunk>
              </caom2:chunks>
            </caom2:part>
            <caom2:part caom2:id="485e7c7e-4b3b-43f6-b9a2-7f2938ba6f73">
              <caom2:name>9</caom2:name>
              <caom2:productType>science</caom2:productType>
              <caom2:chunks>
                <caom2:chunk caom2:id="2c69dc3b-f92f-4920-8134-1a09def2ef52">
                  <caom2:energyAxis>1</caom2:energyAxis>
                  <caom2:energy>
                    <caom2:axis>
                      <caom2:axis>
                        <caom2:ctype>WAVE</caom2:ctype>
                        <caom2:cunit>Angstrom</caom2:cunit>
                      </caom2:axis>
                      <caom2:function>
                        <caom2:naxis>2040</caom2:naxis>
                        <caom2:delta>-2.115</caom2:delta>
                        <caom2:refCoord>
                          <caom2:pix>1020.0</caom2:pix>
                          <caom2:val>22000.0</caom2:val>
                        </caom2:refCoord>
                      </caom2:function>
                    </caom2:axis>
                    <caom2:specsys>TOPOCENT</caom2:specsys>
                  </caom2:energy>
                </caom2:chunk>
              </caom2:chunks>
            </caom2:part>
            <caom2:part caom2:id="0265e004-c2d7-4315-90c2-53e8bd921acd">
              <caom2:name>10</caom2:name>
              <caom2:productType>science</caom2:productType>
              <caom2:chunks>
                <caom2:chunk caom2:id="88fcab45-d5f9-42de-9a1d-7eb4010249b4">
                  <caom2:energyAxis>1</caom2:energyAxis>
                  <caom2:energy>
                    <caom2:axis>
                      <caom2:axis>
                        <caom2:ctype>WAVE</caom2:ctype>
                        <caom2:cunit>Angstrom</caom2:cunit>
                      </caom2:axis>
                      <caom2:function>
                        <caom2:naxis>2040</caom2:naxis>
                        <caom2:delta>-2.115</caom2:delta>
                        <caom2:refCoord>
                          <caom2:pix>1020.0</caom2:pix>
                          <caom2:val>22000.0</caom2:val>
                        </caom2:refCoord>
                      </caom2:function>
                    </caom2:axis>
                    <caom2:specsys>TOPOCENT</caom2:specsys>
                  </caom2:energy>
                </caom2:chunk>
              </caom2:chunks>
            </caom2:part>
            <caom2:part caom2:id="83ff012b-3f75-4d27-b1a9-cc37421dec0a">
              <caom2:name>11</caom2:name>
              <caom2:productType>science</caom2:productType>
              <caom2:chunks>
                <caom2:chunk caom2:id="74a750e9-b373-493e-ae5d-c4ab8f27da5d">
                  <caom2:energyAxis>1</caom2:energyAxis>
                  <caom2:energy>
                    <caom2:axis>
                      <caom2:axis>
                        <caom2:ctype>WAVE</caom2:ctype>
                        <caom2:cunit>Angstrom</caom2:cunit>
                      </caom2:axis>
                      <caom2:function>
                        <caom2:naxis>2040</caom2:naxis>
                        <caom2:delta>-2.115</caom2:delta>
                        <caom2:refCoord>
                          <caom2:pix>1020.0</caom2:pix>
                          <caom2:val>22000.0</caom2:val>
                        </caom2:refCoord>
                      </caom2:function>
                    </caom2:axis>
                    <caom2:specsys>TOPOCENT</caom2:specsys>
                  </caom2:energy>
                </caom2:chunk>
              </caom2:chunks>
            </caom2:part>
            <caom2:part caom2:id="0384d695-0761-4db7-8938-2920e0d3cbde">
              <caom2:name>12</caom2:name>
              <caom2:productType>science</caom2:productType>
              <caom2:chunks>
                <caom2:chunk caom2:id="aa450fc9-221a-4b71-8c4c-666327dda5be">
                  <caom2:energyAxis>1</caom2:energyAxis>
                  <caom2:energy>
                    <caom2:axis>
                      <caom2:axis>
                        <caom2:ctype>WAVE</caom2:ctype>
                        <caom2:cunit>Angstrom</caom2:cunit>
                      </caom2:axis>
                      <caom2:function>
                        <caom2:naxis>2040</caom2:naxis>
                        <caom2:delta>-2.115</caom2:delta>
                        <caom2:refCoord>
                          <caom2:pix>1020.0</caom2:pix>
                          <caom2:val>22000.0</caom2:val>
                        </caom2:refCoord>
                      </caom2:function>
                    </caom2:axis>
                    <caom2:specsys>TOPOCENT</caom2:specsys>
                  </caom2:energy>
                </caom2:chunk>
              </caom2:chunks>
            </caom2:part>
            <caom2:part caom2:id="a1daf5d1-7e94-49d1-9849-92b8f26f51cb">
              <caom2:name>13</caom2:name>
              <caom2:productType>science</caom2:productType>
              <caom2:chunks>
                <caom2:chunk caom2:id="b560e4e6-633b-40b0-85a5-8ab454fe6c42">
                  <caom2:energyAxis>1</caom2:energyAxis>
                  <caom2:energy>
                    <caom2:axis>
                      <caom2:axis>
                        <caom2:ctype>WAVE</caom2:ctype>
                        <caom2:cunit>Angstrom</caom2:cunit>
                      </caom2:axis>
                      <caom2:function>
                        <caom2:naxis>2040</caom2:naxis>
                        <caom2:delta>-2.115</caom2:delta>
                        <caom2:refCoord>
                          <caom2:pix>1020.0</caom2:pix>
                          <caom2:val>22000.0</caom2:val>
                        </caom2:refCoord>
                      </caom2:function>
                    </caom2:axis>
                    <caom2:specsys>TOPOCENT</caom2:specsys>
                  </caom2:energy>
                </caom2:chunk>
              </caom2:chunks>
            </caom2:part>
            <caom2:part caom2:id="7c640ac6-6105-401f-a56c-6bef6a5759a9">
              <caom2:name>14</caom2:name>
              <caom2:productType>science</caom2:productType>
              <caom2:chunks>
                <caom2:chunk caom2:id="db142a63-ee61-46ce-b5a5-7ebc5bf921f6">
                  <caom2:energyAxis>1</caom2:energyAxis>
                  <caom2:energy>
                    <caom2:axis>
                      <caom2:axis>
                        <caom2:ctype>WAVE</caom2:ctype>
                        <caom2:cunit>Angstrom</caom2:cunit>
                      </caom2:axis>
                      <caom2:function>
                        <caom2:naxis>2040</caom2:naxis>
                        <caom2:delta>-2.115</caom2:delta>
                        <caom2:refCoord>
                          <caom2:pix>1020.0</caom2:pix>
                          <caom2:val>22000.0</caom2:val>
                        </caom2:refCoord>
                      </caom2:function>
                    </caom2:axis>
                    <caom2:specsys>TOPOCENT</caom2:specsys>
                  </caom2:energy>
                </caom2:chunk>
              </caom2:chunks>
            </caom2:part>
            <caom2:part caom2:id="c7fd9493-d0ec-4d7d-8154-642d752474b6">
              <caom2:name>15</caom2:name>
              <caom2:productType>science</caom2:productType>
              <caom2:chunks>
                <caom2:chunk caom2:id="c476d2d6-75c2-44ae-b816-566fe1cce872">
                  <caom2:energyAxis>1</caom2:energyAxis>
                  <caom2:energy>
                    <caom2:axis>
                      <caom2:axis>
                        <caom2:ctype>WAVE</caom2:ctype>
                        <caom2:cunit>Angstrom</caom2:cunit>
                      </caom2:axis>
                      <caom2:function>
                        <caom2:naxis>2040</caom2:naxis>
                        <caom2:delta>-2.115</caom2:delta>
                        <caom2:refCoord>
                          <caom2:pix>1020.0</caom2:pix>
                          <caom2:val>22000.0</caom2:val>
                        </caom2:refCoord>
                      </caom2:function>
                    </caom2:axis>
                    <caom2:specsys>TOPOCENT</caom2:specsys>
                  </caom2:energy>
                </caom2:chunk>
              </caom2:chunks>
            </caom2:part>
            <caom2:part caom2:id="e31ba30d-1247-445e-a428-68ab71cc37a9">
              <caom2:name>16</caom2:name>
              <caom2:productType>science</caom2:productType>
              <caom2:chunks>
                <caom2:chunk caom2:id="28160476-3520-4726-a95a-8022427cbfab">
                  <caom2:energyAxis>1</caom2:energyAxis>
                  <caom2:energy>
                    <caom2:axis>
                      <caom2:axis>
                        <caom2:ctype>WAVE</caom2:ctype>
                        <caom2:cunit>Angstrom</caom2:cunit>
                      </caom2:axis>
                      <caom2:function>
                        <caom2:naxis>2040</caom2:naxis>
                        <caom2:delta>-2.115</caom2:delta>
                        <caom2:refCoord>
                          <caom2:pix>1020.0</caom2:pix>
                          <caom2:val>22000.0</caom2:val>
                        </caom2:refCoord>
                      </caom2:function>
                    </caom2:axis>
                    <caom2:specsys>TOPOCENT</caom2:specsys>
                  </caom2:energy>
                </caom2:chunk>
              </caom2:chunks>
            </caom2:part>
            <caom2:part caom2:id="e707c53b-289c-4ffb-b8af-da7b06b2f4c1">
              <caom2:name>17</caom2:name>
              <caom2:productType>science</caom2:productType>
              <caom2:chunks>
                <caom2:chunk caom2:id="547a0b87-e237-432f-9850-4126d89ef6b5">
                  <caom2:energyAxis>1</caom2:energyAxis>
                  <caom2:energy>
                    <caom2:axis>
                      <caom2:axis>
                        <caom2:ctype>WAVE</caom2:ctype>
                        <caom2:cunit>Angstrom</caom2:cunit>
                      </caom2:axis>
                      <caom2:function>
                        <caom2:naxis>2040</caom2:naxis>
                        <caom2:delta>-2.115</caom2:delta>
                        <caom2:refCoord>
                          <caom2:pix>1020.0</caom2:pix>
                          <caom2:val>22000.0</caom2:val>
                        </caom2:refCoord>
                      </caom2:function>
                    </caom2:axis>
                    <caom2:specsys>TOPOCENT</caom2:specsys>
                  </caom2:energy>
                </caom2:chunk>
              </caom2:chunks>
            </caom2:part>
            <caom2:part caom2:id="cb6eefdc-56c8-4789-9218-26b36a7738b3">
              <caom2:name>18</caom2:name>
              <caom2:productType>science</caom2:productType>
              <caom2:chunks>
                <caom2:chunk caom2:id="c2bfe733-7042-4c2a-bc1f-f98b4c8adf91">
                  <caom2:energyAxis>1</caom2:energyAxis>
                  <caom2:energy>
                    <caom2:axis>
                      <caom2:axis>
                        <caom2:ctype>WAVE</caom2:ctype>
                        <caom2:cunit>Angstrom</caom2:cunit>
                      </caom2:axis>
                      <caom2:function>
                        <caom2:naxis>2040</caom2:naxis>
                        <caom2:delta>-2.115</caom2:delta>
                        <caom2:refCoord>
                          <caom2:pix>1020.0</caom2:pix>
                          <caom2:val>22000.0</caom2:val>
                        </caom2:refCoord>
                      </caom2:function>
                    </caom2:axis>
                    <caom2:specsys>TOPOCENT</caom2:specsys>
                  </caom2:energy>
                </caom2:chunk>
              </caom2:chunks>
            </caom2:part>
            <caom2:part caom2:id="d9adc335-482a-47a0-b7f8-6a3e68f768e4">
              <caom2:name>19</caom2:name>
              <caom2:productType>science</caom2:productType>
              <caom2:chunks>
                <caom2:chunk caom2:id="8bd125ca-e829-41c6-acd8-d63ecc223a85">
                  <caom2:energyAxis>1</caom2:energyAxis>
                  <caom2:energy>
                    <caom2:axis>
                      <caom2:axis>
                        <caom2:ctype>WAVE</caom2:ctype>
                        <caom2:cunit>Angstrom</caom2:cunit>
                      </caom2:axis>
                      <caom2:function>
                        <caom2:naxis>2040</caom2:naxis>
                        <caom2:delta>-2.115</caom2:delta>
                        <caom2:refCoord>
                          <caom2:pix>1020.0</caom2:pix>
                          <caom2:val>22000.0</caom2:val>
                        </caom2:refCoord>
                      </caom2:function>
                    </caom2:axis>
                    <caom2:specsys>TOPOCENT</caom2:specsys>
                  </caom2:energy>
                </caom2:chunk>
              </caom2:chunks>
            </caom2:part>
            <caom2:part caom2:id="8e30d2e3-684b-4f17-bae9-b9656d7bfb7e">
              <caom2:name>20</caom2:name>
              <caom2:productType>science</caom2:productType>
              <caom2:chunks>
                <caom2:chunk caom2:id="f45764fd-a6be-43b1-96c1-6df3045f1ec5">
                  <caom2:energyAxis>1</caom2:energyAxis>
                  <caom2:energy>
                    <caom2:axis>
                      <caom2:axis>
                        <caom2:ctype>WAVE</caom2:ctype>
                        <caom2:cunit>Angstrom</caom2:cunit>
                      </caom2:axis>
                      <caom2:function>
                        <caom2:naxis>2040</caom2:naxis>
                        <caom2:delta>-2.115</caom2:delta>
                        <caom2:refCoord>
                          <caom2:pix>1020.0</caom2:pix>
                          <caom2:val>22000.0</caom2:val>
                        </caom2:refCoord>
                      </caom2:function>
                    </caom2:axis>
                    <caom2:specsys>TOPOCENT</caom2:specsys>
                  </caom2:energy>
                </caom2:chunk>
              </caom2:chunks>
            </caom2:part>
            <caom2:part caom2:id="1556c502-c20c-48dd-8c7a-02b096f30a1b">
              <caom2:name>21</caom2:name>
              <caom2:productType>science</caom2:productType>
              <caom2:chunks>
                <caom2:chunk caom2:id="2dc63be7-1679-41ef-abc6-df64578ba5c7">
                  <caom2:energyAxis>1</caom2:energyAxis>
                  <caom2:energy>
                    <caom2:axis>
                      <caom2:axis>
                        <caom2:ctype>WAVE</caom2:ctype>
                        <caom2:cunit>Angstrom</caom2:cunit>
                      </caom2:axis>
                      <caom2:function>
                        <caom2:naxis>2040</caom2:naxis>
                        <caom2:delta>-2.115</caom2:delta>
                        <caom2:refCoord>
                          <caom2:pix>1020.0</caom2:pix>
                          <caom2:val>22000.0</caom2:val>
                        </caom2:refCoord>
                      </caom2:function>
                    </caom2:axis>
                    <caom2:specsys>TOPOCENT</caom2:specsys>
                  </caom2:energy>
                </caom2:chunk>
              </caom2:chunks>
            </caom2:part>
            <caom2:part caom2:id="a1d9e6b4-2c5a-47fb-aa56-78d718d675a3">
              <caom2:name>22</caom2:name>
              <caom2:productType>science</caom2:productType>
              <caom2:chunks>
                <caom2:chunk caom2:id="ac319722-ef1d-4b32-90c7-536303a5d83b">
                  <caom2:energyAxis>1</caom2:energyAxis>
                  <caom2:energy>
                    <caom2:axis>
                      <caom2:axis>
                        <caom2:ctype>WAVE</caom2:ctype>
                        <caom2:cunit>Angstrom</caom2:cunit>
                      </caom2:axis>
                      <caom2:function>
                        <caom2:naxis>2040</caom2:naxis>
                        <caom2:delta>-2.115</caom2:delta>
                        <caom2:refCoord>
                          <caom2:pix>1020.0</caom2:pix>
                          <caom2:val>22000.0</caom2:val>
                        </caom2:refCoord>
                      </caom2:function>
                    </caom2:axis>
                    <caom2:specsys>TOPOCENT</caom2:specsys>
                  </caom2:energy>
                </caom2:chunk>
              </caom2:chunks>
            </caom2:part>
            <caom2:part caom2:id="c9504db5-00c4-4df8-9083-494adf10bd22">
              <caom2:name>23</caom2:name>
              <caom2:productType>science</caom2:productType>
              <caom2:chunks>
                <caom2:chunk caom2:id="a05dcd21-a95b-47ad-b550-0a2ed394e26a">
                  <caom2:energyAxis>1</caom2:energyAxis>
                  <caom2:energy>
                    <caom2:axis>
                      <caom2:axis>
                        <caom2:ctype>WAVE</caom2:ctype>
                        <caom2:cunit>Angstrom</caom2:cunit>
                      </caom2:axis>
                      <caom2:function>
                        <caom2:naxis>2040</caom2:naxis>
                        <caom2:delta>-2.115</caom2:delta>
                        <caom2:refCoord>
                          <caom2:pix>1020.0</caom2:pix>
                          <caom2:val>22000.0</caom2:val>
                        </caom2:refCoord>
                      </caom2:function>
                    </caom2:axis>
                    <caom2:specsys>TOPOCENT</caom2:specsys>
                  </caom2:energy>
                </caom2:chunk>
              </caom2:chunks>
            </caom2:part>
            <caom2:part caom2:id="faf9451e-b294-4898-a274-d39fb2f3ee88">
              <caom2:name>24</caom2:name>
              <caom2:productType>science</caom2:productType>
              <caom2:chunks>
                <caom2:chunk caom2:id="6c9f3f40-9ffb-420c-9d4d-65fd7840944d">
                  <caom2:energyAxis>1</caom2:energyAxis>
                  <caom2:energy>
                    <caom2:axis>
                      <caom2:axis>
                        <caom2:ctype>WAVE</caom2:ctype>
                        <caom2:cunit>Angstrom</caom2:cunit>
                      </caom2:axis>
                      <caom2:function>
                        <caom2:naxis>2040</caom2:naxis>
                        <caom2:delta>-2.115</caom2:delta>
                        <caom2:refCoord>
                          <caom2:pix>1020.0</caom2:pix>
                          <caom2:val>22000.0</caom2:val>
                        </caom2:refCoord>
                      </caom2:function>
                    </caom2:axis>
                    <caom2:specsys>TOPOCENT</caom2:specsys>
                  </caom2:energy>
                </caom2:chunk>
              </caom2:chunks>
            </caom2:part>
            <caom2:part caom2:id="a3ea4597-2dbf-433b-92b4-bd526b62983c">
              <caom2:name>25</caom2:name>
              <caom2:productType>science</caom2:productType>
              <caom2:chunks>
                <caom2:chunk caom2:id="49d13287-0a95-400d-a122-201e5f168612">
                  <caom2:energyAxis>1</caom2:energyAxis>
                  <caom2:energy>
                    <caom2:axis>
                      <caom2:axis>
                        <caom2:ctype>WAVE</caom2:ctype>
                        <caom2:cunit>Angstrom</caom2:cunit>
                      </caom2:axis>
                      <caom2:function>
                        <caom2:naxis>2040</caom2:naxis>
                        <caom2:delta>-2.115</caom2:delta>
                        <caom2:refCoord>
                          <caom2:pix>1020.0</caom2:pix>
                          <caom2:val>22000.0</caom2:val>
                        </caom2:refCoord>
                      </caom2:function>
                    </caom2:axis>
                    <caom2:specsys>TOPOCENT</caom2:specsys>
                  </caom2:energy>
                </caom2:chunk>
              </caom2:chunks>
            </caom2:part>
            <caom2:part caom2:id="a6c0cceb-e560-4cda-9a98-d4c6c77755f8">
              <caom2:name>26</caom2:name>
              <caom2:productType>science</caom2:productType>
              <caom2:chunks>
                <caom2:chunk caom2:id="07656d7e-21f4-4b12-a485-f9da43964907">
                  <caom2:energyAxis>1</caom2:energyAxis>
                  <caom2:energy>
                    <caom2:axis>
                      <caom2:axis>
                        <caom2:ctype>WAVE</caom2:ctype>
                        <caom2:cunit>Angstrom</caom2:cunit>
                      </caom2:axis>
                      <caom2:function>
                        <caom2:naxis>2040</caom2:naxis>
                        <caom2:delta>-2.115</caom2:delta>
                        <caom2:refCoord>
                          <caom2:pix>1020.0</caom2:pix>
                          <caom2:val>22000.0</caom2:val>
                        </caom2:refCoord>
                      </caom2:function>
                    </caom2:axis>
                    <caom2:specsys>TOPOCENT</caom2:specsys>
                  </caom2:energy>
                </caom2:chunk>
              </caom2:chunks>
            </caom2:part>
            <caom2:part caom2:id="dd1de8f8-691f-4577-8fd4-adebe01be4ee">
              <caom2:name>27</caom2:name>
              <caom2:productType>science</caom2:productType>
              <caom2:chunks>
                <caom2:chunk caom2:id="eb0a0726-45f3-4db2-ac5c-24c3adede299">
                  <caom2:energyAxis>1</caom2:energyAxis>
                  <caom2:energy>
                    <caom2:axis>
                      <caom2:axis>
                        <caom2:ctype>WAVE</caom2:ctype>
                        <caom2:cunit>Angstrom</caom2:cunit>
                      </caom2:axis>
                      <caom2:function>
                        <caom2:naxis>2040</caom2:naxis>
                        <caom2:delta>-2.115</caom2:delta>
                        <caom2:refCoord>
                          <caom2:pix>1020.0</caom2:pix>
                          <caom2:val>22000.0</caom2:val>
                        </caom2:refCoord>
                      </caom2:function>
                    </caom2:axis>
                    <caom2:specsys>TOPOCENT</caom2:specsys>
                  </caom2:energy>
                </caom2:chunk>
              </caom2:chunks>
            </caom2:part>
            <caom2:part caom2:id="a770bb2a-8033-4271-a23f-6e7d8ec2f530">
              <caom2:name>28</caom2:name>
              <caom2:productType>science</caom2:productType>
              <caom2:chunks>
                <caom2:chunk caom2:id="0b521040-949e-4251-87b6-4defcc954741">
                  <caom2:energyAxis>1</caom2:energyAxis>
                  <caom2:energy>
                    <caom2:axis>
                      <caom2:axis>
                        <caom2:ctype>WAVE</caom2:ctype>
                        <caom2:cunit>Angstrom</caom2:cunit>
                      </caom2:axis>
                      <caom2:function>
                        <caom2:naxis>2040</caom2:naxis>
                        <caom2:delta>-2.115</caom2:delta>
                        <caom2:refCoord>
                          <caom2:pix>1020.0</caom2:pix>
                          <caom2:val>22000.0</caom2:val>
                        </caom2:refCoord>
                      </caom2:function>
                    </caom2:axis>
                    <caom2:specsys>TOPOCENT</caom2:specsys>
                  </caom2:energy>
                </caom2:chunk>
              </caom2:chunks>
            </caom2:part>
            <caom2:part caom2:id="0d6aece7-a661-4317-a6aa-66b2404901ca">
              <caom2:name>29</caom2:name>
              <caom2:productType>science</caom2:productType>
              <caom2:chunks>
                <caom2:chunk caom2:id="69b6693e-0b88-4e43-995b-9dbe128c367f">
                  <caom2:energyAxis>1</caom2:energyAxis>
                  <caom2:energy>
                    <caom2:axis>
                      <caom2:axis>
                        <caom2:ctype>WAVE</caom2:ctype>
                        <caom2:cunit>Angstrom</caom2:cunit>
                      </caom2:axis>
                      <caom2:function>
                        <caom2:naxis>2040</caom2:naxis>
                        <caom2:delta>-2.115</caom2:delta>
                        <caom2:refCoord>
                          <caom2:pix>1020.0</caom2:pix>
                          <caom2:val>22000.0</caom2:val>
                        </caom2:refCoord>
                      </caom2:function>
                    </caom2:axis>
                    <caom2:specsys>TOPOCENT</caom2:specsys>
                  </caom2:energy>
                </caom2:chunk>
              </caom2:chunks>
            </caom2:part>
            <caom2:part caom2:id="51c84f72-8b73-4e77-befc-90b37c53795f">
              <caom2:name>30</caom2:name>
              <caom2:productType>science</caom2:productType>
              <caom2:chunks>
                <caom2:chunk caom2:id="b82e587a-2779-4c7e-9f19-9f9ff1d0c660">
                  <caom2:energyAxis>1</caom2:energyAxis>
                  <caom2:energy>
                    <caom2:axis>
                      <caom2:axis>
                        <caom2:ctype>WAVE</caom2:ctype>
                        <caom2:cunit>Angstrom</caom2:cunit>
                      </caom2:axis>
                      <caom2:function>
                        <caom2:naxis>2040</caom2:naxis>
                        <caom2:delta>-2.115</caom2:delta>
                        <caom2:refCoord>
                          <caom2:pix>1020.0</caom2:pix>
                          <caom2:val>22000.0</caom2:val>
                        </caom2:refCoord>
                      </caom2:function>
                    </caom2:axis>
                    <caom2:specsys>TOPOCENT</caom2:specsys>
                  </caom2:energy>
                </caom2:chunk>
              </caom2:chunks>
            </caom2:part>
            <caom2:part caom2:id="9eb0d223-8313-46d6-ae7f-1273303e3ccd">
              <caom2:name>31</caom2:name>
              <caom2:chunks/>
            </caom2:part>
          </caom2:parts>
        </caom2:artifact>
      </caom2:artifacts>
    </caom2:plane>
  </caom2:planes>
</caom2:Observation>
