<?xml version='1.0' encoding='UTF-8'?>
<caom2:Observation xmlns:caom2="http://www.opencadc.org/caom2/xml/v2.3" xmlns:xsi="http://www.w3.org/2001/XMLSchema-instance" xsi:type="caom2:CompositeObservation" caom2:id="82dab2d5-3d56-466c-a050-1d23f9c73066">
  <caom2:collection>GEMINI</caom2:collection>
  <caom2:observationID>GN-2013A-Q-62-59-013-RGN-RONCHI</caom2:observationID>
  <caom2:metaRelease>2020-07-02T15:07:15.000</caom2:metaRelease>
  <caom2:algorithm>
    <caom2:name>composite</caom2:name>
  </caom2:algorithm>
  <caom2:type>FLAT</caom2:type>
  <caom2:intent>science</caom2:intent>
  <caom2:target>
    <caom2:name>GCALflat</caom2:name>
  </caom2:target>
  <caom2:telescope>
    <caom2:name>Gemini-North</caom2:name>
  </caom2:telescope>
  <caom2:instrument>
    <caom2:name>NIFS</caom2:name>
  </caom2:instrument>
  <caom2:planes>
    <caom2:plane caom2:id="c0601247-9f76-4faa-996d-6fb4d492dbc5">
      <caom2:productID>rgnN20130530S0369_ronchi</caom2:productID>
      <caom2:metaRelease>2013-05-30T00:00:00.000</caom2:metaRelease>
      <caom2:dataRelease>2013-05-30T00:00:00.000</caom2:dataRelease>
      <caom2:dataProductType>image</caom2:dataProductType>
      <caom2:calibrationLevel>2</caom2:calibrationLevel>
      <caom2:provenance>
        <caom2:name>Nifty4Gemini</caom2:name>
        <caom2:producer>CADC</caom2:producer>
        <caom2:reference>https://doi.org/10.5281/zenodo.897014</caom2:reference>
        <caom2:lastExecuted>2020-07-02T15:07:15.000</caom2:lastExecuted>
        <caom2:inputs>
          <caom2:planeURI>caom:GEMINI/GN-2013A-Q-62-59-013/N20130530S0369</caom2:planeURI>
          <caom2:planeURI>caom:GEMINI/GN-2013A-Q-62-59-007/N20130530S0363</caom2:planeURI>
          <caom2:planeURI>caom:GEMINI/GN-2013A-Q-62-59-008/N20130530S0364</caom2:planeURI>
          <caom2:planeURI>caom:GEMINI/GN-2013A-Q-62-59-010/N20130530S0366</caom2:planeURI>
          <caom2:planeURI>caom:GEMINI/GN-2013A-Q-62-59-014/N20130530S0370</caom2:planeURI>
          <caom2:planeURI>caom:GEMINI/GN-2013A-Q-62-59-006/N20130530S0362</caom2:planeURI>
          <caom2:planeURI>caom:GEMINI/GN-2013A-Q-62-59-009/N20130530S0365</caom2:planeURI>
        </caom2:inputs>
      </caom2:provenance>
      <caom2:artifacts>
        <caom2:artifact caom2:id="5d07a859-c9d2-4c69-8fa0-735995f0ce24">
          <caom2:uri>ad:GEM/rgnN20130530S0369_ronchi.fits</caom2:uri>
          <caom2:productType>science</caom2:productType>
          <caom2:releaseType>data</caom2:releaseType>
          <caom2:contentType>application/fits</caom2:contentType>
          <caom2:contentLength>16683840</caom2:contentLength>
          <caom2:contentChecksum>md5:84ce98a5dcd2c6bcb4617408f26a9e14</caom2:contentChecksum>
          <caom2:parts>
            <caom2:part caom2:id="3b8f56d7-0216-4adf-8e3c-a360e13ec30d">
              <caom2:name>0</caom2:name>
              <caom2:chunks/>
            </caom2:part>
            <caom2:part caom2:id="8fde9d52-9543-4506-956a-98dd2a72af83">
              <caom2:name>1</caom2:name>
              <caom2:productType>auxiliary</caom2:productType>
              <caom2:chunks/>
            </caom2:part>
            <caom2:part caom2:id="74515784-269a-4a4f-9e94-2e498862abc3">
              <caom2:name>2</caom2:name>
              <caom2:productType>science</caom2:productType>
              <caom2:chunks>
                <caom2:chunk caom2:id="84792a4f-f537-414e-a831-aa4c55358494">
                  <caom2:energyAxis>1</caom2:energyAxis>
                  <caom2:energy>
                    <caom2:axis>
                      <caom2:axis>
                        <caom2:ctype>WAVE</caom2:ctype>
                        <caom2:cunit>Angstrom</caom2:cunit>
                      </caom2:axis>
                      <caom2:function>
                        <caom2:naxis>2040</caom2:naxis>
                        <caom2:delta>-1.514</caom2:delta>
                        <caom2:refCoord>
                          <caom2:pix>1020.0</caom2:pix>
                          <caom2:val>16500.0</caom2:val>
                        </caom2:refCoord>
                      </caom2:function>
                    </caom2:axis>
                    <caom2:specsys>TOPOCENT</caom2:specsys>
                  </caom2:energy>
                </caom2:chunk>
              </caom2:chunks>
            </caom2:part>
            <caom2:part caom2:id="93fda385-01be-48d5-8d3a-11fcc0711c95">
              <caom2:name>3</caom2:name>
              <caom2:productType>science</caom2:productType>
              <caom2:chunks>
                <caom2:chunk caom2:id="7f78b806-8491-4532-bcaa-d91703b5e458">
                  <caom2:energyAxis>1</caom2:energyAxis>
                  <caom2:energy>
                    <caom2:axis>
                      <caom2:axis>
                        <caom2:ctype>WAVE</caom2:ctype>
                        <caom2:cunit>Angstrom</caom2:cunit>
                      </caom2:axis>
                      <caom2:function>
                        <caom2:naxis>2040</caom2:naxis>
                        <caom2:delta>-1.514</caom2:delta>
                        <caom2:refCoord>
                          <caom2:pix>1020.0</caom2:pix>
                          <caom2:val>16500.0</caom2:val>
                        </caom2:refCoord>
                      </caom2:function>
                    </caom2:axis>
                    <caom2:specsys>TOPOCENT</caom2:specsys>
                  </caom2:energy>
                </caom2:chunk>
              </caom2:chunks>
            </caom2:part>
            <caom2:part caom2:id="51e8ed82-b809-4825-bc96-566d8b1fb758">
              <caom2:name>4</caom2:name>
              <caom2:productType>science</caom2:productType>
              <caom2:chunks>
                <caom2:chunk caom2:id="7f807e8e-3a3d-4a35-80ca-cb4ed8daf8f6">
                  <caom2:energyAxis>1</caom2:energyAxis>
                  <caom2:energy>
                    <caom2:axis>
                      <caom2:axis>
                        <caom2:ctype>WAVE</caom2:ctype>
                        <caom2:cunit>Angstrom</caom2:cunit>
                      </caom2:axis>
                      <caom2:function>
                        <caom2:naxis>2040</caom2:naxis>
                        <caom2:delta>-1.514</caom2:delta>
                        <caom2:refCoord>
                          <caom2:pix>1020.0</caom2:pix>
                          <caom2:val>16500.0</caom2:val>
                        </caom2:refCoord>
                      </caom2:function>
                    </caom2:axis>
                    <caom2:specsys>TOPOCENT</caom2:specsys>
                  </caom2:energy>
                </caom2:chunk>
              </caom2:chunks>
            </caom2:part>
            <caom2:part caom2:id="31c1f483-5289-48ee-a6db-b9e843f27062">
              <caom2:name>5</caom2:name>
              <caom2:productType>science</caom2:productType>
              <caom2:chunks>
                <caom2:chunk caom2:id="c720fe11-17f8-4e1b-85b5-16283d8d46c4">
                  <caom2:energyAxis>1</caom2:energyAxis>
                  <caom2:energy>
                    <caom2:axis>
                      <caom2:axis>
                        <caom2:ctype>WAVE</caom2:ctype>
                        <caom2:cunit>Angstrom</caom2:cunit>
                      </caom2:axis>
                      <caom2:function>
                        <caom2:naxis>2040</caom2:naxis>
                        <caom2:delta>-1.514</caom2:delta>
                        <caom2:refCoord>
                          <caom2:pix>1020.0</caom2:pix>
                          <caom2:val>16500.0</caom2:val>
                        </caom2:refCoord>
                      </caom2:function>
                    </caom2:axis>
                    <caom2:specsys>TOPOCENT</caom2:specsys>
                  </caom2:energy>
                </caom2:chunk>
              </caom2:chunks>
            </caom2:part>
            <caom2:part caom2:id="0a0f7b2a-4c17-4162-a997-dc037d779bd2">
              <caom2:name>6</caom2:name>
              <caom2:productType>science</caom2:productType>
              <caom2:chunks>
                <caom2:chunk caom2:id="8f132060-7f7b-4ea8-b273-447ecae21a84">
                  <caom2:energyAxis>1</caom2:energyAxis>
                  <caom2:energy>
                    <caom2:axis>
                      <caom2:axis>
                        <caom2:ctype>WAVE</caom2:ctype>
                        <caom2:cunit>Angstrom</caom2:cunit>
                      </caom2:axis>
                      <caom2:function>
                        <caom2:naxis>2040</caom2:naxis>
                        <caom2:delta>-1.514</caom2:delta>
                        <caom2:refCoord>
                          <caom2:pix>1020.0</caom2:pix>
                          <caom2:val>16500.0</caom2:val>
                        </caom2:refCoord>
                      </caom2:function>
                    </caom2:axis>
                    <caom2:specsys>TOPOCENT</caom2:specsys>
                  </caom2:energy>
                </caom2:chunk>
              </caom2:chunks>
            </caom2:part>
            <caom2:part caom2:id="48a03061-83e8-4641-8c71-da788b4e03ff">
              <caom2:name>7</caom2:name>
              <caom2:productType>science</caom2:productType>
              <caom2:chunks>
                <caom2:chunk caom2:id="4784e2a7-21f6-4538-afc8-8ec0cc10819d">
                  <caom2:energyAxis>1</caom2:energyAxis>
                  <caom2:energy>
                    <caom2:axis>
                      <caom2:axis>
                        <caom2:ctype>WAVE</caom2:ctype>
                        <caom2:cunit>Angstrom</caom2:cunit>
                      </caom2:axis>
                      <caom2:function>
                        <caom2:naxis>2040</caom2:naxis>
                        <caom2:delta>-1.514</caom2:delta>
                        <caom2:refCoord>
                          <caom2:pix>1020.0</caom2:pix>
                          <caom2:val>16500.0</caom2:val>
                        </caom2:refCoord>
                      </caom2:function>
                    </caom2:axis>
                    <caom2:specsys>TOPOCENT</caom2:specsys>
                  </caom2:energy>
                </caom2:chunk>
              </caom2:chunks>
            </caom2:part>
            <caom2:part caom2:id="e5b5fc59-47a3-418c-866b-a682013a6df9">
              <caom2:name>8</caom2:name>
              <caom2:productType>science</caom2:productType>
              <caom2:chunks>
                <caom2:chunk caom2:id="5a79aa75-a72c-4a22-b2e5-9759c3017c3f">
                  <caom2:energyAxis>1</caom2:energyAxis>
                  <caom2:energy>
                    <caom2:axis>
                      <caom2:axis>
                        <caom2:ctype>WAVE</caom2:ctype>
                        <caom2:cunit>Angstrom</caom2:cunit>
                      </caom2:axis>
                      <caom2:function>
                        <caom2:naxis>2040</caom2:naxis>
                        <caom2:delta>-1.514</caom2:delta>
                        <caom2:refCoord>
                          <caom2:pix>1020.0</caom2:pix>
                          <caom2:val>16500.0</caom2:val>
                        </caom2:refCoord>
                      </caom2:function>
                    </caom2:axis>
                    <caom2:specsys>TOPOCENT</caom2:specsys>
                  </caom2:energy>
                </caom2:chunk>
              </caom2:chunks>
            </caom2:part>
            <caom2:part caom2:id="fa339c44-fd09-44e1-a137-c4711d5d01e7">
              <caom2:name>9</caom2:name>
              <caom2:productType>science</caom2:productType>
              <caom2:chunks>
                <caom2:chunk caom2:id="c3f72cfd-2b1b-4ae8-b30a-b6c3d237abee">
                  <caom2:energyAxis>1</caom2:energyAxis>
                  <caom2:energy>
                    <caom2:axis>
                      <caom2:axis>
                        <caom2:ctype>WAVE</caom2:ctype>
                        <caom2:cunit>Angstrom</caom2:cunit>
                      </caom2:axis>
                      <caom2:function>
                        <caom2:naxis>2040</caom2:naxis>
                        <caom2:delta>-1.514</caom2:delta>
                        <caom2:refCoord>
                          <caom2:pix>1020.0</caom2:pix>
                          <caom2:val>16500.0</caom2:val>
                        </caom2:refCoord>
                      </caom2:function>
                    </caom2:axis>
                    <caom2:specsys>TOPOCENT</caom2:specsys>
                  </caom2:energy>
                </caom2:chunk>
              </caom2:chunks>
            </caom2:part>
            <caom2:part caom2:id="543a2fe7-4016-479b-b794-029f6989a6b9">
              <caom2:name>10</caom2:name>
              <caom2:productType>science</caom2:productType>
              <caom2:chunks>
                <caom2:chunk caom2:id="df74878c-adc5-45d8-96a6-c1b0b9df1edd">
                  <caom2:energyAxis>1</caom2:energyAxis>
                  <caom2:energy>
                    <caom2:axis>
                      <caom2:axis>
                        <caom2:ctype>WAVE</caom2:ctype>
                        <caom2:cunit>Angstrom</caom2:cunit>
                      </caom2:axis>
                      <caom2:function>
                        <caom2:naxis>2040</caom2:naxis>
                        <caom2:delta>-1.514</caom2:delta>
                        <caom2:refCoord>
                          <caom2:pix>1020.0</caom2:pix>
                          <caom2:val>16500.0</caom2:val>
                        </caom2:refCoord>
                      </caom2:function>
                    </caom2:axis>
                    <caom2:specsys>TOPOCENT</caom2:specsys>
                  </caom2:energy>
                </caom2:chunk>
              </caom2:chunks>
            </caom2:part>
            <caom2:part caom2:id="1e0bf68e-cded-4a00-b64b-248e15d16850">
              <caom2:name>11</caom2:name>
              <caom2:productType>science</caom2:productType>
              <caom2:chunks>
                <caom2:chunk caom2:id="f2fae58f-c5a4-4d4c-a1e5-c5cd14904bb4">
                  <caom2:energyAxis>1</caom2:energyAxis>
                  <caom2:energy>
                    <caom2:axis>
                      <caom2:axis>
                        <caom2:ctype>WAVE</caom2:ctype>
                        <caom2:cunit>Angstrom</caom2:cunit>
                      </caom2:axis>
                      <caom2:function>
                        <caom2:naxis>2040</caom2:naxis>
                        <caom2:delta>-1.514</caom2:delta>
                        <caom2:refCoord>
                          <caom2:pix>1020.0</caom2:pix>
                          <caom2:val>16500.0</caom2:val>
                        </caom2:refCoord>
                      </caom2:function>
                    </caom2:axis>
                    <caom2:specsys>TOPOCENT</caom2:specsys>
                  </caom2:energy>
                </caom2:chunk>
              </caom2:chunks>
            </caom2:part>
            <caom2:part caom2:id="abd949f2-a6ba-4637-8539-1c7f6ac113a8">
              <caom2:name>12</caom2:name>
              <caom2:productType>science</caom2:productType>
              <caom2:chunks>
                <caom2:chunk caom2:id="342adc19-d1f7-4c4a-ba90-5fc0261d68c2">
                  <caom2:energyAxis>1</caom2:energyAxis>
                  <caom2:energy>
                    <caom2:axis>
                      <caom2:axis>
                        <caom2:ctype>WAVE</caom2:ctype>
                        <caom2:cunit>Angstrom</caom2:cunit>
                      </caom2:axis>
                      <caom2:function>
                        <caom2:naxis>2040</caom2:naxis>
                        <caom2:delta>-1.514</caom2:delta>
                        <caom2:refCoord>
                          <caom2:pix>1020.0</caom2:pix>
                          <caom2:val>16500.0</caom2:val>
                        </caom2:refCoord>
                      </caom2:function>
                    </caom2:axis>
                    <caom2:specsys>TOPOCENT</caom2:specsys>
                  </caom2:energy>
                </caom2:chunk>
              </caom2:chunks>
            </caom2:part>
            <caom2:part caom2:id="e6e9bd05-c826-4597-aaad-9e6bb5101e90">
              <caom2:name>13</caom2:name>
              <caom2:productType>science</caom2:productType>
              <caom2:chunks>
                <caom2:chunk caom2:id="32aa2b92-8ce3-4df9-b13a-688b51acb735">
                  <caom2:energyAxis>1</caom2:energyAxis>
                  <caom2:energy>
                    <caom2:axis>
                      <caom2:axis>
                        <caom2:ctype>WAVE</caom2:ctype>
                        <caom2:cunit>Angstrom</caom2:cunit>
                      </caom2:axis>
                      <caom2:function>
                        <caom2:naxis>2040</caom2:naxis>
                        <caom2:delta>-1.514</caom2:delta>
                        <caom2:refCoord>
                          <caom2:pix>1020.0</caom2:pix>
                          <caom2:val>16500.0</caom2:val>
                        </caom2:refCoord>
                      </caom2:function>
                    </caom2:axis>
                    <caom2:specsys>TOPOCENT</caom2:specsys>
                  </caom2:energy>
                </caom2:chunk>
              </caom2:chunks>
            </caom2:part>
            <caom2:part caom2:id="135b09d1-13c2-41eb-86e3-e7ba1e7dd5d0">
              <caom2:name>14</caom2:name>
              <caom2:productType>science</caom2:productType>
              <caom2:chunks>
                <caom2:chunk caom2:id="37113de9-290d-49c4-ab0f-52bfc3a0a514">
                  <caom2:energyAxis>1</caom2:energyAxis>
                  <caom2:energy>
                    <caom2:axis>
                      <caom2:axis>
                        <caom2:ctype>WAVE</caom2:ctype>
                        <caom2:cunit>Angstrom</caom2:cunit>
                      </caom2:axis>
                      <caom2:function>
                        <caom2:naxis>2040</caom2:naxis>
                        <caom2:delta>-1.514</caom2:delta>
                        <caom2:refCoord>
                          <caom2:pix>1020.0</caom2:pix>
                          <caom2:val>16500.0</caom2:val>
                        </caom2:refCoord>
                      </caom2:function>
                    </caom2:axis>
                    <caom2:specsys>TOPOCENT</caom2:specsys>
                  </caom2:energy>
                </caom2:chunk>
              </caom2:chunks>
            </caom2:part>
            <caom2:part caom2:id="d4e35632-4c10-49aa-b5f7-9778f2e4f1c8">
              <caom2:name>15</caom2:name>
              <caom2:productType>science</caom2:productType>
              <caom2:chunks>
                <caom2:chunk caom2:id="40346831-b062-4a12-ba67-8c7cf036a7e3">
                  <caom2:energyAxis>1</caom2:energyAxis>
                  <caom2:energy>
                    <caom2:axis>
                      <caom2:axis>
                        <caom2:ctype>WAVE</caom2:ctype>
                        <caom2:cunit>Angstrom</caom2:cunit>
                      </caom2:axis>
                      <caom2:function>
                        <caom2:naxis>2040</caom2:naxis>
                        <caom2:delta>-1.514</caom2:delta>
                        <caom2:refCoord>
                          <caom2:pix>1020.0</caom2:pix>
                          <caom2:val>16500.0</caom2:val>
                        </caom2:refCoord>
                      </caom2:function>
                    </caom2:axis>
                    <caom2:specsys>TOPOCENT</caom2:specsys>
                  </caom2:energy>
                </caom2:chunk>
              </caom2:chunks>
            </caom2:part>
            <caom2:part caom2:id="c4115a60-da46-4a9c-9a01-56126e6f1a4f">
              <caom2:name>16</caom2:name>
              <caom2:productType>science</caom2:productType>
              <caom2:chunks>
                <caom2:chunk caom2:id="5f3bb639-c20d-4fa3-b79c-34083f3df7b7">
                  <caom2:energyAxis>1</caom2:energyAxis>
                  <caom2:energy>
                    <caom2:axis>
                      <caom2:axis>
                        <caom2:ctype>WAVE</caom2:ctype>
                        <caom2:cunit>Angstrom</caom2:cunit>
                      </caom2:axis>
                      <caom2:function>
                        <caom2:naxis>2040</caom2:naxis>
                        <caom2:delta>-1.514</caom2:delta>
                        <caom2:refCoord>
                          <caom2:pix>1020.0</caom2:pix>
                          <caom2:val>16500.0</caom2:val>
                        </caom2:refCoord>
                      </caom2:function>
                    </caom2:axis>
                    <caom2:specsys>TOPOCENT</caom2:specsys>
                  </caom2:energy>
                </caom2:chunk>
              </caom2:chunks>
            </caom2:part>
            <caom2:part caom2:id="0ce2b30d-e9e2-4123-b2cd-54147339cf9d">
              <caom2:name>17</caom2:name>
              <caom2:productType>science</caom2:productType>
              <caom2:chunks>
                <caom2:chunk caom2:id="fd909dd7-9ac4-4b3b-8c2a-c3d3555541e8">
                  <caom2:energyAxis>1</caom2:energyAxis>
                  <caom2:energy>
                    <caom2:axis>
                      <caom2:axis>
                        <caom2:ctype>WAVE</caom2:ctype>
                        <caom2:cunit>Angstrom</caom2:cunit>
                      </caom2:axis>
                      <caom2:function>
                        <caom2:naxis>2040</caom2:naxis>
                        <caom2:delta>-1.514</caom2:delta>
                        <caom2:refCoord>
                          <caom2:pix>1020.0</caom2:pix>
                          <caom2:val>16500.0</caom2:val>
                        </caom2:refCoord>
                      </caom2:function>
                    </caom2:axis>
                    <caom2:specsys>TOPOCENT</caom2:specsys>
                  </caom2:energy>
                </caom2:chunk>
              </caom2:chunks>
            </caom2:part>
            <caom2:part caom2:id="dede5396-5181-4b60-97c6-08bb7473fad9">
              <caom2:name>18</caom2:name>
              <caom2:productType>science</caom2:productType>
              <caom2:chunks>
                <caom2:chunk caom2:id="ce0602bb-f8f5-4a93-b887-964c524030ca">
                  <caom2:energyAxis>1</caom2:energyAxis>
                  <caom2:energy>
                    <caom2:axis>
                      <caom2:axis>
                        <caom2:ctype>WAVE</caom2:ctype>
                        <caom2:cunit>Angstrom</caom2:cunit>
                      </caom2:axis>
                      <caom2:function>
                        <caom2:naxis>2040</caom2:naxis>
                        <caom2:delta>-1.514</caom2:delta>
                        <caom2:refCoord>
                          <caom2:pix>1020.0</caom2:pix>
                          <caom2:val>16500.0</caom2:val>
                        </caom2:refCoord>
                      </caom2:function>
                    </caom2:axis>
                    <caom2:specsys>TOPOCENT</caom2:specsys>
                  </caom2:energy>
                </caom2:chunk>
              </caom2:chunks>
            </caom2:part>
            <caom2:part caom2:id="f107fb96-3b33-4995-9101-ed84317f3899">
              <caom2:name>19</caom2:name>
              <caom2:productType>science</caom2:productType>
              <caom2:chunks>
                <caom2:chunk caom2:id="cf92480f-8bc9-47db-9cc2-82cd6f2fad93">
                  <caom2:energyAxis>1</caom2:energyAxis>
                  <caom2:energy>
                    <caom2:axis>
                      <caom2:axis>
                        <caom2:ctype>WAVE</caom2:ctype>
                        <caom2:cunit>Angstrom</caom2:cunit>
                      </caom2:axis>
                      <caom2:function>
                        <caom2:naxis>2040</caom2:naxis>
                        <caom2:delta>-1.514</caom2:delta>
                        <caom2:refCoord>
                          <caom2:pix>1020.0</caom2:pix>
                          <caom2:val>16500.0</caom2:val>
                        </caom2:refCoord>
                      </caom2:function>
                    </caom2:axis>
                    <caom2:specsys>TOPOCENT</caom2:specsys>
                  </caom2:energy>
                </caom2:chunk>
              </caom2:chunks>
            </caom2:part>
            <caom2:part caom2:id="7ab8e718-be34-4fec-9994-5ef2cfd894c2">
              <caom2:name>20</caom2:name>
              <caom2:productType>science</caom2:productType>
              <caom2:chunks>
                <caom2:chunk caom2:id="bb02a486-fe5c-4f55-8dd0-b4e404f6b802">
                  <caom2:energyAxis>1</caom2:energyAxis>
                  <caom2:energy>
                    <caom2:axis>
                      <caom2:axis>
                        <caom2:ctype>WAVE</caom2:ctype>
                        <caom2:cunit>Angstrom</caom2:cunit>
                      </caom2:axis>
                      <caom2:function>
                        <caom2:naxis>2040</caom2:naxis>
                        <caom2:delta>-1.514</caom2:delta>
                        <caom2:refCoord>
                          <caom2:pix>1020.0</caom2:pix>
                          <caom2:val>16500.0</caom2:val>
                        </caom2:refCoord>
                      </caom2:function>
                    </caom2:axis>
                    <caom2:specsys>TOPOCENT</caom2:specsys>
                  </caom2:energy>
                </caom2:chunk>
              </caom2:chunks>
            </caom2:part>
            <caom2:part caom2:id="312bff79-70c0-4956-9548-c3aaa0f4579b">
              <caom2:name>21</caom2:name>
              <caom2:productType>science</caom2:productType>
              <caom2:chunks>
                <caom2:chunk caom2:id="aa69db15-183a-4cdc-9e2b-02dbc65da73e">
                  <caom2:energyAxis>1</caom2:energyAxis>
                  <caom2:energy>
                    <caom2:axis>
                      <caom2:axis>
                        <caom2:ctype>WAVE</caom2:ctype>
                        <caom2:cunit>Angstrom</caom2:cunit>
                      </caom2:axis>
                      <caom2:function>
                        <caom2:naxis>2040</caom2:naxis>
                        <caom2:delta>-1.514</caom2:delta>
                        <caom2:refCoord>
                          <caom2:pix>1020.0</caom2:pix>
                          <caom2:val>16500.0</caom2:val>
                        </caom2:refCoord>
                      </caom2:function>
                    </caom2:axis>
                    <caom2:specsys>TOPOCENT</caom2:specsys>
                  </caom2:energy>
                </caom2:chunk>
              </caom2:chunks>
            </caom2:part>
            <caom2:part caom2:id="e9ef9543-e0f1-4901-ab41-cdbe1b7c96b2">
              <caom2:name>22</caom2:name>
              <caom2:productType>science</caom2:productType>
              <caom2:chunks>
                <caom2:chunk caom2:id="d66ce2d1-bf40-47bf-a3ed-42dd711f9fe2">
                  <caom2:energyAxis>1</caom2:energyAxis>
                  <caom2:energy>
                    <caom2:axis>
                      <caom2:axis>
                        <caom2:ctype>WAVE</caom2:ctype>
                        <caom2:cunit>Angstrom</caom2:cunit>
                      </caom2:axis>
                      <caom2:function>
                        <caom2:naxis>2040</caom2:naxis>
                        <caom2:delta>-1.514</caom2:delta>
                        <caom2:refCoord>
                          <caom2:pix>1020.0</caom2:pix>
                          <caom2:val>16500.0</caom2:val>
                        </caom2:refCoord>
                      </caom2:function>
                    </caom2:axis>
                    <caom2:specsys>TOPOCENT</caom2:specsys>
                  </caom2:energy>
                </caom2:chunk>
              </caom2:chunks>
            </caom2:part>
            <caom2:part caom2:id="8c546beb-d956-4be8-b53d-774007b749da">
              <caom2:name>23</caom2:name>
              <caom2:productType>science</caom2:productType>
              <caom2:chunks>
                <caom2:chunk caom2:id="c51d1a8a-9548-4e74-bc1e-2336ee3556ac">
                  <caom2:energyAxis>1</caom2:energyAxis>
                  <caom2:energy>
                    <caom2:axis>
                      <caom2:axis>
                        <caom2:ctype>WAVE</caom2:ctype>
                        <caom2:cunit>Angstrom</caom2:cunit>
                      </caom2:axis>
                      <caom2:function>
                        <caom2:naxis>2040</caom2:naxis>
                        <caom2:delta>-1.514</caom2:delta>
                        <caom2:refCoord>
                          <caom2:pix>1020.0</caom2:pix>
                          <caom2:val>16500.0</caom2:val>
                        </caom2:refCoord>
                      </caom2:function>
                    </caom2:axis>
                    <caom2:specsys>TOPOCENT</caom2:specsys>
                  </caom2:energy>
                </caom2:chunk>
              </caom2:chunks>
            </caom2:part>
            <caom2:part caom2:id="33e3562e-8af9-4373-8520-a5d6461f1936">
              <caom2:name>24</caom2:name>
              <caom2:productType>science</caom2:productType>
              <caom2:chunks>
                <caom2:chunk caom2:id="98d87eb6-d956-41e6-b095-cf3dda01505b">
                  <caom2:energyAxis>1</caom2:energyAxis>
                  <caom2:energy>
                    <caom2:axis>
                      <caom2:axis>
                        <caom2:ctype>WAVE</caom2:ctype>
                        <caom2:cunit>Angstrom</caom2:cunit>
                      </caom2:axis>
                      <caom2:function>
                        <caom2:naxis>2040</caom2:naxis>
                        <caom2:delta>-1.514</caom2:delta>
                        <caom2:refCoord>
                          <caom2:pix>1020.0</caom2:pix>
                          <caom2:val>16500.0</caom2:val>
                        </caom2:refCoord>
                      </caom2:function>
                    </caom2:axis>
                    <caom2:specsys>TOPOCENT</caom2:specsys>
                  </caom2:energy>
                </caom2:chunk>
              </caom2:chunks>
            </caom2:part>
            <caom2:part caom2:id="9c1ce4e3-17e4-4037-b169-662518f17623">
              <caom2:name>25</caom2:name>
              <caom2:productType>science</caom2:productType>
              <caom2:chunks>
                <caom2:chunk caom2:id="947a8c0b-a193-4502-8350-5b0fff072786">
                  <caom2:energyAxis>1</caom2:energyAxis>
                  <caom2:energy>
                    <caom2:axis>
                      <caom2:axis>
                        <caom2:ctype>WAVE</caom2:ctype>
                        <caom2:cunit>Angstrom</caom2:cunit>
                      </caom2:axis>
                      <caom2:function>
                        <caom2:naxis>2040</caom2:naxis>
                        <caom2:delta>-1.514</caom2:delta>
                        <caom2:refCoord>
                          <caom2:pix>1020.0</caom2:pix>
                          <caom2:val>16500.0</caom2:val>
                        </caom2:refCoord>
                      </caom2:function>
                    </caom2:axis>
                    <caom2:specsys>TOPOCENT</caom2:specsys>
                  </caom2:energy>
                </caom2:chunk>
              </caom2:chunks>
            </caom2:part>
            <caom2:part caom2:id="97639cdd-fd56-4ee3-85fb-4f8cd12a3f82">
              <caom2:name>26</caom2:name>
              <caom2:productType>science</caom2:productType>
              <caom2:chunks>
                <caom2:chunk caom2:id="cb51bb81-0b99-4092-9471-f0e8cb9ec85f">
                  <caom2:energyAxis>1</caom2:energyAxis>
                  <caom2:energy>
                    <caom2:axis>
                      <caom2:axis>
                        <caom2:ctype>WAVE</caom2:ctype>
                        <caom2:cunit>Angstrom</caom2:cunit>
                      </caom2:axis>
                      <caom2:function>
                        <caom2:naxis>2040</caom2:naxis>
                        <caom2:delta>-1.514</caom2:delta>
                        <caom2:refCoord>
                          <caom2:pix>1020.0</caom2:pix>
                          <caom2:val>16500.0</caom2:val>
                        </caom2:refCoord>
                      </caom2:function>
                    </caom2:axis>
                    <caom2:specsys>TOPOCENT</caom2:specsys>
                  </caom2:energy>
                </caom2:chunk>
              </caom2:chunks>
            </caom2:part>
            <caom2:part caom2:id="f69de439-a683-415d-9adb-7a17e3a05785">
              <caom2:name>27</caom2:name>
              <caom2:productType>science</caom2:productType>
              <caom2:chunks>
                <caom2:chunk caom2:id="3e7fb09c-2ba5-4bba-8f27-664e5678c450">
                  <caom2:energyAxis>1</caom2:energyAxis>
                  <caom2:energy>
                    <caom2:axis>
                      <caom2:axis>
                        <caom2:ctype>WAVE</caom2:ctype>
                        <caom2:cunit>Angstrom</caom2:cunit>
                      </caom2:axis>
                      <caom2:function>
                        <caom2:naxis>2040</caom2:naxis>
                        <caom2:delta>-1.514</caom2:delta>
                        <caom2:refCoord>
                          <caom2:pix>1020.0</caom2:pix>
                          <caom2:val>16500.0</caom2:val>
                        </caom2:refCoord>
                      </caom2:function>
                    </caom2:axis>
                    <caom2:specsys>TOPOCENT</caom2:specsys>
                  </caom2:energy>
                </caom2:chunk>
              </caom2:chunks>
            </caom2:part>
            <caom2:part caom2:id="15db79d0-6c23-48e2-9320-d2d58f7a0e40">
              <caom2:name>28</caom2:name>
              <caom2:productType>science</caom2:productType>
              <caom2:chunks>
                <caom2:chunk caom2:id="46cf2f95-e348-49ca-b412-97605e159c90">
                  <caom2:energyAxis>1</caom2:energyAxis>
                  <caom2:energy>
                    <caom2:axis>
                      <caom2:axis>
                        <caom2:ctype>WAVE</caom2:ctype>
                        <caom2:cunit>Angstrom</caom2:cunit>
                      </caom2:axis>
                      <caom2:function>
                        <caom2:naxis>2040</caom2:naxis>
                        <caom2:delta>-1.514</caom2:delta>
                        <caom2:refCoord>
                          <caom2:pix>1020.0</caom2:pix>
                          <caom2:val>16500.0</caom2:val>
                        </caom2:refCoord>
                      </caom2:function>
                    </caom2:axis>
                    <caom2:specsys>TOPOCENT</caom2:specsys>
                  </caom2:energy>
                </caom2:chunk>
              </caom2:chunks>
            </caom2:part>
            <caom2:part caom2:id="c38d2dd1-026e-476d-9a5b-894a44facf23">
              <caom2:name>29</caom2:name>
              <caom2:productType>science</caom2:productType>
              <caom2:chunks>
                <caom2:chunk caom2:id="4841f12b-2c0a-4730-b9cd-471ae1c0409b">
                  <caom2:energyAxis>1</caom2:energyAxis>
                  <caom2:energy>
                    <caom2:axis>
                      <caom2:axis>
                        <caom2:ctype>WAVE</caom2:ctype>
                        <caom2:cunit>Angstrom</caom2:cunit>
                      </caom2:axis>
                      <caom2:function>
                        <caom2:naxis>2040</caom2:naxis>
                        <caom2:delta>-1.514</caom2:delta>
                        <caom2:refCoord>
                          <caom2:pix>1020.0</caom2:pix>
                          <caom2:val>16500.0</caom2:val>
                        </caom2:refCoord>
                      </caom2:function>
                    </caom2:axis>
                    <caom2:specsys>TOPOCENT</caom2:specsys>
                  </caom2:energy>
                </caom2:chunk>
              </caom2:chunks>
            </caom2:part>
            <caom2:part caom2:id="4ddc7103-e87f-46bf-a67c-25ad23df698d">
              <caom2:name>30</caom2:name>
              <caom2:productType>science</caom2:productType>
              <caom2:chunks>
                <caom2:chunk caom2:id="abe59b5c-700a-4a0a-a448-ee9f57c975de">
                  <caom2:energyAxis>1</caom2:energyAxis>
                  <caom2:energy>
                    <caom2:axis>
                      <caom2:axis>
                        <caom2:ctype>WAVE</caom2:ctype>
                        <caom2:cunit>Angstrom</caom2:cunit>
                      </caom2:axis>
                      <caom2:function>
                        <caom2:naxis>2040</caom2:naxis>
                        <caom2:delta>-1.514</caom2:delta>
                        <caom2:refCoord>
                          <caom2:pix>1020.0</caom2:pix>
                          <caom2:val>16500.0</caom2:val>
                        </caom2:refCoord>
                      </caom2:function>
                    </caom2:axis>
                    <caom2:specsys>TOPOCENT</caom2:specsys>
                  </caom2:energy>
                </caom2:chunk>
              </caom2:chunks>
            </caom2:part>
            <caom2:part caom2:id="53204d36-2e19-4be6-b354-7c7e15534917">
              <caom2:name>31</caom2:name>
              <caom2:chunks/>
            </caom2:part>
          </caom2:parts>
        </caom2:artifact>
        <caom2:artifact caom2:id="e862d3db-8885-4f06-a2b4-83d4dd454303" caom2:lastModified="2020-07-22T01:17:48.504" caom2:maxLastModified="2020-07-22T01:17:48.504" caom2:metaChecksum="md5:720a46db968f84887b7814d0f7f4e92c" caom2:accMetaChecksum="md5:d48e96a11df996656811783c7cd24ebe">
          <caom2:uri>ad:GEM/rgnN20130530S0369_ronchi.jpg</caom2:uri>
          <caom2:productType>preview</caom2:productType>
          <caom2:releaseType>data</caom2:releaseType>
          <caom2:contentType>image/jpeg</caom2:contentType>
          <caom2:contentLength>336837</caom2:contentLength>
          <caom2:contentChecksum>md5:5739b764aa16f854f79f48838672d475</caom2:contentChecksum>
          <caom2:parts/>
        </caom2:artifact>
        <caom2:artifact caom2:id="49ef818f-8cb3-4e89-9f7a-b8442eded59d" caom2:lastModified="2020-07-22T01:17:48.504" caom2:maxLastModified="2020-07-22T01:17:48.504" caom2:metaChecksum="md5:8ed4326c5c6f91581c1706bc5598ab5f" caom2:accMetaChecksum="md5:c55b16e1fbf251eff63e03edfb9f3fdc">
          <caom2:uri>ad:GEM/rgnN20130530S0369_ronchi_th.jpg</caom2:uri>
          <caom2:productType>thumbnail</caom2:productType>
          <caom2:releaseType>data</caom2:releaseType>
          <caom2:contentType>image/jpeg</caom2:contentType>
          <caom2:contentLength>12742</caom2:contentLength>
          <caom2:contentChecksum>md5:7a216003c01bb79c7c71defcb0c0eeaa</caom2:contentChecksum>
          <caom2:parts/>
        </caom2:artifact>
      </caom2:artifacts>
    </caom2:plane>
  </caom2:planes>
</caom2:Observation>
