<?xml version='1.0' encoding='UTF-8'?>
<caom2:Observation xmlns:caom2="http://www.opencadc.org/caom2/xml/v2.3" xmlns:xsi="http://www.w3.org/2001/XMLSchema-instance" xsi:type="caom2:CompositeObservation" caom2:id="996fa0ab-3372-4b6c-92cd-63f523541eb2">
  <caom2:collection>GEMINI</caom2:collection>
  <caom2:observationID>GN-2013A-Q-62-54-001</caom2:observationID>
  <caom2:metaRelease>2020-07-02T15:06:09.000</caom2:metaRelease>
  <caom2:algorithm>
    <caom2:name>composite</caom2:name>
  </caom2:algorithm>
  <caom2:type>ARC</caom2:type>
  <caom2:intent>science</caom2:intent>
  <caom2:target>
    <caom2:name>Ar</caom2:name>
  </caom2:target>
  <caom2:telescope>
    <caom2:name>Gemini-North</caom2:name>
  </caom2:telescope>
  <caom2:instrument>
    <caom2:name>NIFS</caom2:name>
  </caom2:instrument>
  <caom2:planes>
    <caom2:plane caom2:id="1a923712-57af-4060-b872-8c787ad14a7b">
      <caom2:productID>wrgnN20130530S0250_arc</caom2:productID>
      <caom2:metaRelease>2013-05-30T00:00:00.000</caom2:metaRelease>
      <caom2:dataRelease>2013-05-30T00:00:00.000</caom2:dataRelease>
      <caom2:dataProductType>image</caom2:dataProductType>
      <caom2:calibrationLevel>2</caom2:calibrationLevel>
      <caom2:provenance>
        <caom2:name>Nifty4Gemini</caom2:name>
        <caom2:producer>CADC</caom2:producer>
        <caom2:reference>https://doi.org/10.5281/zenodo.897014</caom2:reference>
        <caom2:lastExecuted>2020-07-02T15:06:09.000</caom2:lastExecuted>
        <caom2:inputs>
          <caom2:planeURI>caom:GEMINI/GN-2013A-Q-62-54-001/N20130530S0250</caom2:planeURI>
          <caom2:planeURI>caom:GEMINI/GN-2013A-Q-62-62-002/N20130530S0265</caom2:planeURI>
          <caom2:planeURI>caom:GEMINI/GN-2013A-Q-62-55-005/N20130530S0258</caom2:planeURI>
          <caom2:planeURI>caom:GEMINI/GN-2013A-Q-62-59-011/N20130530S0367</caom2:planeURI>
          <caom2:planeURI>caom:GEMINI/GN-2013A-Q-62-59-012/N20130530S0368</caom2:planeURI>
        </caom2:inputs>
      </caom2:provenance>
      <caom2:artifacts>
        <caom2:artifact caom2:id="cf8bce76-8a81-43d9-8d9e-6726c36677c8">
          <caom2:uri>ad:GEM/wrgnN20130530S0250_arc.fits</caom2:uri>
          <caom2:productType>science</caom2:productType>
          <caom2:releaseType>data</caom2:releaseType>
          <caom2:contentType>application/fits</caom2:contentType>
          <caom2:contentLength>16689600</caom2:contentLength>
          <caom2:contentChecksum>md5:76e2b5a64693c2a1f60980f0f6875040</caom2:contentChecksum>
          <caom2:parts>
            <caom2:part caom2:id="ab2e0403-a5e6-4c24-9b12-f601b68dd7d0">
              <caom2:name>0</caom2:name>
              <caom2:chunks/>
            </caom2:part>
            <caom2:part caom2:id="99d5bb88-a05d-4e1b-9721-1085d9d80481">
              <caom2:name>1</caom2:name>
              <caom2:chunks/>
            </caom2:part>
            <caom2:part caom2:id="bed7b528-be82-4e02-b287-a69cc2827474">
              <caom2:name>2</caom2:name>
              <caom2:productType>science</caom2:productType>
              <caom2:chunks>
                <caom2:chunk caom2:id="fb72afce-2a3e-405e-aeea-50217d7f49a7">
                  <caom2:energyAxis>1</caom2:energyAxis>
                  <caom2:energy>
                    <caom2:axis>
                      <caom2:axis>
                        <caom2:ctype>WAVE</caom2:ctype>
                        <caom2:cunit>Angstrom</caom2:cunit>
                      </caom2:axis>
                      <caom2:function>
                        <caom2:naxis>2040</caom2:naxis>
                        <caom2:delta>-1.514</caom2:delta>
                        <caom2:refCoord>
                          <caom2:pix>1020.0</caom2:pix>
                          <caom2:val>16500.0</caom2:val>
                        </caom2:refCoord>
                      </caom2:function>
                    </caom2:axis>
                    <caom2:specsys>TOPOCENT</caom2:specsys>
                  </caom2:energy>
                </caom2:chunk>
              </caom2:chunks>
            </caom2:part>
            <caom2:part caom2:id="bddb5aca-0792-4653-8467-c0d68106a1e1">
              <caom2:name>3</caom2:name>
              <caom2:productType>science</caom2:productType>
              <caom2:chunks>
                <caom2:chunk caom2:id="d11d4d33-ac40-44d8-a99a-f39bbe020e3d">
                  <caom2:energyAxis>1</caom2:energyAxis>
                  <caom2:energy>
                    <caom2:axis>
                      <caom2:axis>
                        <caom2:ctype>WAVE</caom2:ctype>
                        <caom2:cunit>Angstrom</caom2:cunit>
                      </caom2:axis>
                      <caom2:function>
                        <caom2:naxis>2040</caom2:naxis>
                        <caom2:delta>-1.514</caom2:delta>
                        <caom2:refCoord>
                          <caom2:pix>1020.0</caom2:pix>
                          <caom2:val>16500.0</caom2:val>
                        </caom2:refCoord>
                      </caom2:function>
                    </caom2:axis>
                    <caom2:specsys>TOPOCENT</caom2:specsys>
                  </caom2:energy>
                </caom2:chunk>
              </caom2:chunks>
            </caom2:part>
            <caom2:part caom2:id="eb5b1981-2b35-4e11-9dd3-57bd0acda747">
              <caom2:name>4</caom2:name>
              <caom2:productType>science</caom2:productType>
              <caom2:chunks>
                <caom2:chunk caom2:id="bfce0239-9299-4efd-81e3-933b13c52dc8">
                  <caom2:energyAxis>1</caom2:energyAxis>
                  <caom2:energy>
                    <caom2:axis>
                      <caom2:axis>
                        <caom2:ctype>WAVE</caom2:ctype>
                        <caom2:cunit>Angstrom</caom2:cunit>
                      </caom2:axis>
                      <caom2:function>
                        <caom2:naxis>2040</caom2:naxis>
                        <caom2:delta>-1.514</caom2:delta>
                        <caom2:refCoord>
                          <caom2:pix>1020.0</caom2:pix>
                          <caom2:val>16500.0</caom2:val>
                        </caom2:refCoord>
                      </caom2:function>
                    </caom2:axis>
                    <caom2:specsys>TOPOCENT</caom2:specsys>
                  </caom2:energy>
                </caom2:chunk>
              </caom2:chunks>
            </caom2:part>
            <caom2:part caom2:id="be3261fd-5414-4f9c-ae08-c40bb8b2a834">
              <caom2:name>5</caom2:name>
              <caom2:productType>science</caom2:productType>
              <caom2:chunks>
                <caom2:chunk caom2:id="4e66f5b5-9288-49e8-80fd-5b9989ec392f">
                  <caom2:energyAxis>1</caom2:energyAxis>
                  <caom2:energy>
                    <caom2:axis>
                      <caom2:axis>
                        <caom2:ctype>WAVE</caom2:ctype>
                        <caom2:cunit>Angstrom</caom2:cunit>
                      </caom2:axis>
                      <caom2:function>
                        <caom2:naxis>2040</caom2:naxis>
                        <caom2:delta>-1.514</caom2:delta>
                        <caom2:refCoord>
                          <caom2:pix>1020.0</caom2:pix>
                          <caom2:val>16500.0</caom2:val>
                        </caom2:refCoord>
                      </caom2:function>
                    </caom2:axis>
                    <caom2:specsys>TOPOCENT</caom2:specsys>
                  </caom2:energy>
                </caom2:chunk>
              </caom2:chunks>
            </caom2:part>
            <caom2:part caom2:id="d6035ca4-9073-4d48-afc5-afccdb0971b1">
              <caom2:name>6</caom2:name>
              <caom2:productType>science</caom2:productType>
              <caom2:chunks>
                <caom2:chunk caom2:id="ca163ecb-573a-4847-91d1-fb2825594e8e">
                  <caom2:energyAxis>1</caom2:energyAxis>
                  <caom2:energy>
                    <caom2:axis>
                      <caom2:axis>
                        <caom2:ctype>WAVE</caom2:ctype>
                        <caom2:cunit>Angstrom</caom2:cunit>
                      </caom2:axis>
                      <caom2:function>
                        <caom2:naxis>2040</caom2:naxis>
                        <caom2:delta>-1.514</caom2:delta>
                        <caom2:refCoord>
                          <caom2:pix>1020.0</caom2:pix>
                          <caom2:val>16500.0</caom2:val>
                        </caom2:refCoord>
                      </caom2:function>
                    </caom2:axis>
                    <caom2:specsys>TOPOCENT</caom2:specsys>
                  </caom2:energy>
                </caom2:chunk>
              </caom2:chunks>
            </caom2:part>
            <caom2:part caom2:id="934e5fae-f18f-49a2-8e59-7674b95a0d0b">
              <caom2:name>7</caom2:name>
              <caom2:productType>science</caom2:productType>
              <caom2:chunks>
                <caom2:chunk caom2:id="f37b8e9e-c8bc-4ac5-90c3-0f57766f4fae">
                  <caom2:energyAxis>1</caom2:energyAxis>
                  <caom2:energy>
                    <caom2:axis>
                      <caom2:axis>
                        <caom2:ctype>WAVE</caom2:ctype>
                        <caom2:cunit>Angstrom</caom2:cunit>
                      </caom2:axis>
                      <caom2:function>
                        <caom2:naxis>2040</caom2:naxis>
                        <caom2:delta>-1.514</caom2:delta>
                        <caom2:refCoord>
                          <caom2:pix>1020.0</caom2:pix>
                          <caom2:val>16500.0</caom2:val>
                        </caom2:refCoord>
                      </caom2:function>
                    </caom2:axis>
                    <caom2:specsys>TOPOCENT</caom2:specsys>
                  </caom2:energy>
                </caom2:chunk>
              </caom2:chunks>
            </caom2:part>
            <caom2:part caom2:id="681e3773-d3f6-4d25-942c-2e5905a07a64">
              <caom2:name>8</caom2:name>
              <caom2:productType>science</caom2:productType>
              <caom2:chunks>
                <caom2:chunk caom2:id="0478f595-1ae4-4a03-b8c8-cc1ad8e4f661">
                  <caom2:energyAxis>1</caom2:energyAxis>
                  <caom2:energy>
                    <caom2:axis>
                      <caom2:axis>
                        <caom2:ctype>WAVE</caom2:ctype>
                        <caom2:cunit>Angstrom</caom2:cunit>
                      </caom2:axis>
                      <caom2:function>
                        <caom2:naxis>2040</caom2:naxis>
                        <caom2:delta>-1.514</caom2:delta>
                        <caom2:refCoord>
                          <caom2:pix>1020.0</caom2:pix>
                          <caom2:val>16500.0</caom2:val>
                        </caom2:refCoord>
                      </caom2:function>
                    </caom2:axis>
                    <caom2:specsys>TOPOCENT</caom2:specsys>
                  </caom2:energy>
                </caom2:chunk>
              </caom2:chunks>
            </caom2:part>
            <caom2:part caom2:id="4342b3bc-d043-4a95-8163-3246420a6e01">
              <caom2:name>9</caom2:name>
              <caom2:productType>science</caom2:productType>
              <caom2:chunks>
                <caom2:chunk caom2:id="e6655480-e18c-4d56-a0f5-c6e7a6bc1681">
                  <caom2:energyAxis>1</caom2:energyAxis>
                  <caom2:energy>
                    <caom2:axis>
                      <caom2:axis>
                        <caom2:ctype>WAVE</caom2:ctype>
                        <caom2:cunit>Angstrom</caom2:cunit>
                      </caom2:axis>
                      <caom2:function>
                        <caom2:naxis>2040</caom2:naxis>
                        <caom2:delta>-1.514</caom2:delta>
                        <caom2:refCoord>
                          <caom2:pix>1020.0</caom2:pix>
                          <caom2:val>16500.0</caom2:val>
                        </caom2:refCoord>
                      </caom2:function>
                    </caom2:axis>
                    <caom2:specsys>TOPOCENT</caom2:specsys>
                  </caom2:energy>
                </caom2:chunk>
              </caom2:chunks>
            </caom2:part>
            <caom2:part caom2:id="15c65488-1351-4f65-b35a-a446005c16ba">
              <caom2:name>10</caom2:name>
              <caom2:productType>science</caom2:productType>
              <caom2:chunks>
                <caom2:chunk caom2:id="f1c23a64-c0b8-41e8-9aa7-b2812f64c9bb">
                  <caom2:energyAxis>1</caom2:energyAxis>
                  <caom2:energy>
                    <caom2:axis>
                      <caom2:axis>
                        <caom2:ctype>WAVE</caom2:ctype>
                        <caom2:cunit>Angstrom</caom2:cunit>
                      </caom2:axis>
                      <caom2:function>
                        <caom2:naxis>2040</caom2:naxis>
                        <caom2:delta>-1.514</caom2:delta>
                        <caom2:refCoord>
                          <caom2:pix>1020.0</caom2:pix>
                          <caom2:val>16500.0</caom2:val>
                        </caom2:refCoord>
                      </caom2:function>
                    </caom2:axis>
                    <caom2:specsys>TOPOCENT</caom2:specsys>
                  </caom2:energy>
                </caom2:chunk>
              </caom2:chunks>
            </caom2:part>
            <caom2:part caom2:id="9fbfe680-7506-4c86-925c-22b400e67789">
              <caom2:name>11</caom2:name>
              <caom2:productType>science</caom2:productType>
              <caom2:chunks>
                <caom2:chunk caom2:id="0c69c39c-8a63-4f20-8342-59bcaea44527">
                  <caom2:energyAxis>1</caom2:energyAxis>
                  <caom2:energy>
                    <caom2:axis>
                      <caom2:axis>
                        <caom2:ctype>WAVE</caom2:ctype>
                        <caom2:cunit>Angstrom</caom2:cunit>
                      </caom2:axis>
                      <caom2:function>
                        <caom2:naxis>2040</caom2:naxis>
                        <caom2:delta>-1.514</caom2:delta>
                        <caom2:refCoord>
                          <caom2:pix>1020.0</caom2:pix>
                          <caom2:val>16500.0</caom2:val>
                        </caom2:refCoord>
                      </caom2:function>
                    </caom2:axis>
                    <caom2:specsys>TOPOCENT</caom2:specsys>
                  </caom2:energy>
                </caom2:chunk>
              </caom2:chunks>
            </caom2:part>
            <caom2:part caom2:id="f26b7f56-a4c0-49c3-a4f0-428be2514bf6">
              <caom2:name>12</caom2:name>
              <caom2:productType>science</caom2:productType>
              <caom2:chunks>
                <caom2:chunk caom2:id="8b379819-5ec9-4389-a662-5286d8978450">
                  <caom2:energyAxis>1</caom2:energyAxis>
                  <caom2:energy>
                    <caom2:axis>
                      <caom2:axis>
                        <caom2:ctype>WAVE</caom2:ctype>
                        <caom2:cunit>Angstrom</caom2:cunit>
                      </caom2:axis>
                      <caom2:function>
                        <caom2:naxis>2040</caom2:naxis>
                        <caom2:delta>-1.514</caom2:delta>
                        <caom2:refCoord>
                          <caom2:pix>1020.0</caom2:pix>
                          <caom2:val>16500.0</caom2:val>
                        </caom2:refCoord>
                      </caom2:function>
                    </caom2:axis>
                    <caom2:specsys>TOPOCENT</caom2:specsys>
                  </caom2:energy>
                </caom2:chunk>
              </caom2:chunks>
            </caom2:part>
            <caom2:part caom2:id="c87b4898-2081-43c5-a74b-11b03055f195">
              <caom2:name>13</caom2:name>
              <caom2:productType>science</caom2:productType>
              <caom2:chunks>
                <caom2:chunk caom2:id="a34130ee-b39c-4094-bd64-5744978c5460">
                  <caom2:energyAxis>1</caom2:energyAxis>
                  <caom2:energy>
                    <caom2:axis>
                      <caom2:axis>
                        <caom2:ctype>WAVE</caom2:ctype>
                        <caom2:cunit>Angstrom</caom2:cunit>
                      </caom2:axis>
                      <caom2:function>
                        <caom2:naxis>2040</caom2:naxis>
                        <caom2:delta>-1.514</caom2:delta>
                        <caom2:refCoord>
                          <caom2:pix>1020.0</caom2:pix>
                          <caom2:val>16500.0</caom2:val>
                        </caom2:refCoord>
                      </caom2:function>
                    </caom2:axis>
                    <caom2:specsys>TOPOCENT</caom2:specsys>
                  </caom2:energy>
                </caom2:chunk>
              </caom2:chunks>
            </caom2:part>
            <caom2:part caom2:id="32e00003-6fdc-40d2-91c0-fd613abecd3b">
              <caom2:name>14</caom2:name>
              <caom2:productType>science</caom2:productType>
              <caom2:chunks>
                <caom2:chunk caom2:id="e8529d9a-c7c3-4392-b24e-b22b19bccea4">
                  <caom2:energyAxis>1</caom2:energyAxis>
                  <caom2:energy>
                    <caom2:axis>
                      <caom2:axis>
                        <caom2:ctype>WAVE</caom2:ctype>
                        <caom2:cunit>Angstrom</caom2:cunit>
                      </caom2:axis>
                      <caom2:function>
                        <caom2:naxis>2040</caom2:naxis>
                        <caom2:delta>-1.514</caom2:delta>
                        <caom2:refCoord>
                          <caom2:pix>1020.0</caom2:pix>
                          <caom2:val>16500.0</caom2:val>
                        </caom2:refCoord>
                      </caom2:function>
                    </caom2:axis>
                    <caom2:specsys>TOPOCENT</caom2:specsys>
                  </caom2:energy>
                </caom2:chunk>
              </caom2:chunks>
            </caom2:part>
            <caom2:part caom2:id="2233955f-d29d-40fb-9c81-6c5e333e2f12">
              <caom2:name>15</caom2:name>
              <caom2:productType>science</caom2:productType>
              <caom2:chunks>
                <caom2:chunk caom2:id="0bb3a2f3-7302-4925-af05-f9221149669b">
                  <caom2:energyAxis>1</caom2:energyAxis>
                  <caom2:energy>
                    <caom2:axis>
                      <caom2:axis>
                        <caom2:ctype>WAVE</caom2:ctype>
                        <caom2:cunit>Angstrom</caom2:cunit>
                      </caom2:axis>
                      <caom2:function>
                        <caom2:naxis>2040</caom2:naxis>
                        <caom2:delta>-1.514</caom2:delta>
                        <caom2:refCoord>
                          <caom2:pix>1020.0</caom2:pix>
                          <caom2:val>16500.0</caom2:val>
                        </caom2:refCoord>
                      </caom2:function>
                    </caom2:axis>
                    <caom2:specsys>TOPOCENT</caom2:specsys>
                  </caom2:energy>
                </caom2:chunk>
              </caom2:chunks>
            </caom2:part>
            <caom2:part caom2:id="e4d66a55-4e41-4f94-aa7a-6a8e39df01bb">
              <caom2:name>16</caom2:name>
              <caom2:productType>science</caom2:productType>
              <caom2:chunks>
                <caom2:chunk caom2:id="8703628a-4180-4a75-98e3-39e0d7f2a213">
                  <caom2:energyAxis>1</caom2:energyAxis>
                  <caom2:energy>
                    <caom2:axis>
                      <caom2:axis>
                        <caom2:ctype>WAVE</caom2:ctype>
                        <caom2:cunit>Angstrom</caom2:cunit>
                      </caom2:axis>
                      <caom2:function>
                        <caom2:naxis>2040</caom2:naxis>
                        <caom2:delta>-1.514</caom2:delta>
                        <caom2:refCoord>
                          <caom2:pix>1020.0</caom2:pix>
                          <caom2:val>16500.0</caom2:val>
                        </caom2:refCoord>
                      </caom2:function>
                    </caom2:axis>
                    <caom2:specsys>TOPOCENT</caom2:specsys>
                  </caom2:energy>
                </caom2:chunk>
              </caom2:chunks>
            </caom2:part>
            <caom2:part caom2:id="0f9b3733-01a9-4009-8b2c-ad0956c425e2">
              <caom2:name>17</caom2:name>
              <caom2:productType>science</caom2:productType>
              <caom2:chunks>
                <caom2:chunk caom2:id="d3636034-fdda-48c9-bd87-55a2d1c04377">
                  <caom2:energyAxis>1</caom2:energyAxis>
                  <caom2:energy>
                    <caom2:axis>
                      <caom2:axis>
                        <caom2:ctype>WAVE</caom2:ctype>
                        <caom2:cunit>Angstrom</caom2:cunit>
                      </caom2:axis>
                      <caom2:function>
                        <caom2:naxis>2040</caom2:naxis>
                        <caom2:delta>-1.514</caom2:delta>
                        <caom2:refCoord>
                          <caom2:pix>1020.0</caom2:pix>
                          <caom2:val>16500.0</caom2:val>
                        </caom2:refCoord>
                      </caom2:function>
                    </caom2:axis>
                    <caom2:specsys>TOPOCENT</caom2:specsys>
                  </caom2:energy>
                </caom2:chunk>
              </caom2:chunks>
            </caom2:part>
            <caom2:part caom2:id="0d26d4ff-4e94-4eda-94c9-37e532048549">
              <caom2:name>18</caom2:name>
              <caom2:productType>science</caom2:productType>
              <caom2:chunks>
                <caom2:chunk caom2:id="8e7d0b8d-7460-489a-b2ff-0d4d02d47e2b">
                  <caom2:energyAxis>1</caom2:energyAxis>
                  <caom2:energy>
                    <caom2:axis>
                      <caom2:axis>
                        <caom2:ctype>WAVE</caom2:ctype>
                        <caom2:cunit>Angstrom</caom2:cunit>
                      </caom2:axis>
                      <caom2:function>
                        <caom2:naxis>2040</caom2:naxis>
                        <caom2:delta>-1.514</caom2:delta>
                        <caom2:refCoord>
                          <caom2:pix>1020.0</caom2:pix>
                          <caom2:val>16500.0</caom2:val>
                        </caom2:refCoord>
                      </caom2:function>
                    </caom2:axis>
                    <caom2:specsys>TOPOCENT</caom2:specsys>
                  </caom2:energy>
                </caom2:chunk>
              </caom2:chunks>
            </caom2:part>
            <caom2:part caom2:id="b784acba-a1c2-4054-9137-75d9f2b417e6">
              <caom2:name>19</caom2:name>
              <caom2:productType>science</caom2:productType>
              <caom2:chunks>
                <caom2:chunk caom2:id="787150c7-625d-4038-a780-54f0b6d17210">
                  <caom2:energyAxis>1</caom2:energyAxis>
                  <caom2:energy>
                    <caom2:axis>
                      <caom2:axis>
                        <caom2:ctype>WAVE</caom2:ctype>
                        <caom2:cunit>Angstrom</caom2:cunit>
                      </caom2:axis>
                      <caom2:function>
                        <caom2:naxis>2040</caom2:naxis>
                        <caom2:delta>-1.514</caom2:delta>
                        <caom2:refCoord>
                          <caom2:pix>1020.0</caom2:pix>
                          <caom2:val>16500.0</caom2:val>
                        </caom2:refCoord>
                      </caom2:function>
                    </caom2:axis>
                    <caom2:specsys>TOPOCENT</caom2:specsys>
                  </caom2:energy>
                </caom2:chunk>
              </caom2:chunks>
            </caom2:part>
            <caom2:part caom2:id="7a94bcd5-459b-4dbf-a84c-8ebb38a444dd">
              <caom2:name>20</caom2:name>
              <caom2:productType>science</caom2:productType>
              <caom2:chunks>
                <caom2:chunk caom2:id="76474b68-bd01-446a-a815-18bc51270a5c">
                  <caom2:energyAxis>1</caom2:energyAxis>
                  <caom2:energy>
                    <caom2:axis>
                      <caom2:axis>
                        <caom2:ctype>WAVE</caom2:ctype>
                        <caom2:cunit>Angstrom</caom2:cunit>
                      </caom2:axis>
                      <caom2:function>
                        <caom2:naxis>2040</caom2:naxis>
                        <caom2:delta>-1.514</caom2:delta>
                        <caom2:refCoord>
                          <caom2:pix>1020.0</caom2:pix>
                          <caom2:val>16500.0</caom2:val>
                        </caom2:refCoord>
                      </caom2:function>
                    </caom2:axis>
                    <caom2:specsys>TOPOCENT</caom2:specsys>
                  </caom2:energy>
                </caom2:chunk>
              </caom2:chunks>
            </caom2:part>
            <caom2:part caom2:id="c0c3f23a-6eb1-4169-8008-f336dc777712">
              <caom2:name>21</caom2:name>
              <caom2:productType>science</caom2:productType>
              <caom2:chunks>
                <caom2:chunk caom2:id="687d84d7-c2c1-4714-848f-18aa750a38e5">
                  <caom2:energyAxis>1</caom2:energyAxis>
                  <caom2:energy>
                    <caom2:axis>
                      <caom2:axis>
                        <caom2:ctype>WAVE</caom2:ctype>
                        <caom2:cunit>Angstrom</caom2:cunit>
                      </caom2:axis>
                      <caom2:function>
                        <caom2:naxis>2040</caom2:naxis>
                        <caom2:delta>-1.514</caom2:delta>
                        <caom2:refCoord>
                          <caom2:pix>1020.0</caom2:pix>
                          <caom2:val>16500.0</caom2:val>
                        </caom2:refCoord>
                      </caom2:function>
                    </caom2:axis>
                    <caom2:specsys>TOPOCENT</caom2:specsys>
                  </caom2:energy>
                </caom2:chunk>
              </caom2:chunks>
            </caom2:part>
            <caom2:part caom2:id="11aef76c-b8b1-46ed-b5e0-ea8459de3863">
              <caom2:name>22</caom2:name>
              <caom2:productType>science</caom2:productType>
              <caom2:chunks>
                <caom2:chunk caom2:id="de9c5e15-02f5-4b11-8ea5-ac0ebc82ed37">
                  <caom2:energyAxis>1</caom2:energyAxis>
                  <caom2:energy>
                    <caom2:axis>
                      <caom2:axis>
                        <caom2:ctype>WAVE</caom2:ctype>
                        <caom2:cunit>Angstrom</caom2:cunit>
                      </caom2:axis>
                      <caom2:function>
                        <caom2:naxis>2040</caom2:naxis>
                        <caom2:delta>-1.514</caom2:delta>
                        <caom2:refCoord>
                          <caom2:pix>1020.0</caom2:pix>
                          <caom2:val>16500.0</caom2:val>
                        </caom2:refCoord>
                      </caom2:function>
                    </caom2:axis>
                    <caom2:specsys>TOPOCENT</caom2:specsys>
                  </caom2:energy>
                </caom2:chunk>
              </caom2:chunks>
            </caom2:part>
            <caom2:part caom2:id="172669c3-a5ce-4eb5-9c96-6094efbc4860">
              <caom2:name>23</caom2:name>
              <caom2:productType>science</caom2:productType>
              <caom2:chunks>
                <caom2:chunk caom2:id="90139048-c592-40c8-9da0-8025f6e4ba0a">
                  <caom2:energyAxis>1</caom2:energyAxis>
                  <caom2:energy>
                    <caom2:axis>
                      <caom2:axis>
                        <caom2:ctype>WAVE</caom2:ctype>
                        <caom2:cunit>Angstrom</caom2:cunit>
                      </caom2:axis>
                      <caom2:function>
                        <caom2:naxis>2040</caom2:naxis>
                        <caom2:delta>-1.514</caom2:delta>
                        <caom2:refCoord>
                          <caom2:pix>1020.0</caom2:pix>
                          <caom2:val>16500.0</caom2:val>
                        </caom2:refCoord>
                      </caom2:function>
                    </caom2:axis>
                    <caom2:specsys>TOPOCENT</caom2:specsys>
                  </caom2:energy>
                </caom2:chunk>
              </caom2:chunks>
            </caom2:part>
            <caom2:part caom2:id="c878b80f-43fc-44f6-a31e-bfd5a590bb77">
              <caom2:name>24</caom2:name>
              <caom2:productType>science</caom2:productType>
              <caom2:chunks>
                <caom2:chunk caom2:id="a377f53f-172e-4e37-90f2-15bbdc0931b8">
                  <caom2:energyAxis>1</caom2:energyAxis>
                  <caom2:energy>
                    <caom2:axis>
                      <caom2:axis>
                        <caom2:ctype>WAVE</caom2:ctype>
                        <caom2:cunit>Angstrom</caom2:cunit>
                      </caom2:axis>
                      <caom2:function>
                        <caom2:naxis>2040</caom2:naxis>
                        <caom2:delta>-1.514</caom2:delta>
                        <caom2:refCoord>
                          <caom2:pix>1020.0</caom2:pix>
                          <caom2:val>16500.0</caom2:val>
                        </caom2:refCoord>
                      </caom2:function>
                    </caom2:axis>
                    <caom2:specsys>TOPOCENT</caom2:specsys>
                  </caom2:energy>
                </caom2:chunk>
              </caom2:chunks>
            </caom2:part>
            <caom2:part caom2:id="1ce3da5f-b459-428a-913c-b95c2cc76732">
              <caom2:name>25</caom2:name>
              <caom2:productType>science</caom2:productType>
              <caom2:chunks>
                <caom2:chunk caom2:id="920cfc8c-c038-469e-9f68-8e59f0563850">
                  <caom2:energyAxis>1</caom2:energyAxis>
                  <caom2:energy>
                    <caom2:axis>
                      <caom2:axis>
                        <caom2:ctype>WAVE</caom2:ctype>
                        <caom2:cunit>Angstrom</caom2:cunit>
                      </caom2:axis>
                      <caom2:function>
                        <caom2:naxis>2040</caom2:naxis>
                        <caom2:delta>-1.514</caom2:delta>
                        <caom2:refCoord>
                          <caom2:pix>1020.0</caom2:pix>
                          <caom2:val>16500.0</caom2:val>
                        </caom2:refCoord>
                      </caom2:function>
                    </caom2:axis>
                    <caom2:specsys>TOPOCENT</caom2:specsys>
                  </caom2:energy>
                </caom2:chunk>
              </caom2:chunks>
            </caom2:part>
            <caom2:part caom2:id="e647f7eb-9130-469c-bade-016ed33f2d93">
              <caom2:name>26</caom2:name>
              <caom2:productType>science</caom2:productType>
              <caom2:chunks>
                <caom2:chunk caom2:id="168d104e-d7c5-44c3-9a80-2b2e4d8277b5">
                  <caom2:energyAxis>1</caom2:energyAxis>
                  <caom2:energy>
                    <caom2:axis>
                      <caom2:axis>
                        <caom2:ctype>WAVE</caom2:ctype>
                        <caom2:cunit>Angstrom</caom2:cunit>
                      </caom2:axis>
                      <caom2:function>
                        <caom2:naxis>2040</caom2:naxis>
                        <caom2:delta>-1.514</caom2:delta>
                        <caom2:refCoord>
                          <caom2:pix>1020.0</caom2:pix>
                          <caom2:val>16500.0</caom2:val>
                        </caom2:refCoord>
                      </caom2:function>
                    </caom2:axis>
                    <caom2:specsys>TOPOCENT</caom2:specsys>
                  </caom2:energy>
                </caom2:chunk>
              </caom2:chunks>
            </caom2:part>
            <caom2:part caom2:id="6f8fcbac-30d6-4d27-a1d6-00f879f4f81b">
              <caom2:name>27</caom2:name>
              <caom2:productType>science</caom2:productType>
              <caom2:chunks>
                <caom2:chunk caom2:id="60f4f519-fa0d-4b7e-8443-a6f3624d3829">
                  <caom2:energyAxis>1</caom2:energyAxis>
                  <caom2:energy>
                    <caom2:axis>
                      <caom2:axis>
                        <caom2:ctype>WAVE</caom2:ctype>
                        <caom2:cunit>Angstrom</caom2:cunit>
                      </caom2:axis>
                      <caom2:function>
                        <caom2:naxis>2040</caom2:naxis>
                        <caom2:delta>-1.514</caom2:delta>
                        <caom2:refCoord>
                          <caom2:pix>1020.0</caom2:pix>
                          <caom2:val>16500.0</caom2:val>
                        </caom2:refCoord>
                      </caom2:function>
                    </caom2:axis>
                    <caom2:specsys>TOPOCENT</caom2:specsys>
                  </caom2:energy>
                </caom2:chunk>
              </caom2:chunks>
            </caom2:part>
            <caom2:part caom2:id="cb071312-1724-4e78-b3c9-635a883efc1e">
              <caom2:name>28</caom2:name>
              <caom2:productType>science</caom2:productType>
              <caom2:chunks>
                <caom2:chunk caom2:id="ab2ec593-a9ad-4b3a-99e5-d75fdd2119a2">
                  <caom2:energyAxis>1</caom2:energyAxis>
                  <caom2:energy>
                    <caom2:axis>
                      <caom2:axis>
                        <caom2:ctype>WAVE</caom2:ctype>
                        <caom2:cunit>Angstrom</caom2:cunit>
                      </caom2:axis>
                      <caom2:function>
                        <caom2:naxis>2040</caom2:naxis>
                        <caom2:delta>-1.514</caom2:delta>
                        <caom2:refCoord>
                          <caom2:pix>1020.0</caom2:pix>
                          <caom2:val>16500.0</caom2:val>
                        </caom2:refCoord>
                      </caom2:function>
                    </caom2:axis>
                    <caom2:specsys>TOPOCENT</caom2:specsys>
                  </caom2:energy>
                </caom2:chunk>
              </caom2:chunks>
            </caom2:part>
            <caom2:part caom2:id="46d546d2-0493-4fbc-a9ff-2a0833f5f6b6">
              <caom2:name>29</caom2:name>
              <caom2:productType>science</caom2:productType>
              <caom2:chunks>
                <caom2:chunk caom2:id="f094cdbf-82e0-478a-9d16-a5b2c072bd9d">
                  <caom2:energyAxis>1</caom2:energyAxis>
                  <caom2:energy>
                    <caom2:axis>
                      <caom2:axis>
                        <caom2:ctype>WAVE</caom2:ctype>
                        <caom2:cunit>Angstrom</caom2:cunit>
                      </caom2:axis>
                      <caom2:function>
                        <caom2:naxis>2040</caom2:naxis>
                        <caom2:delta>-1.514</caom2:delta>
                        <caom2:refCoord>
                          <caom2:pix>1020.0</caom2:pix>
                          <caom2:val>16500.0</caom2:val>
                        </caom2:refCoord>
                      </caom2:function>
                    </caom2:axis>
                    <caom2:specsys>TOPOCENT</caom2:specsys>
                  </caom2:energy>
                </caom2:chunk>
              </caom2:chunks>
            </caom2:part>
            <caom2:part caom2:id="b7cb4790-03e0-4438-ba1d-99fc4130e42f">
              <caom2:name>30</caom2:name>
              <caom2:productType>science</caom2:productType>
              <caom2:chunks>
                <caom2:chunk caom2:id="bd442e1f-bdff-4ae0-acc9-6f2635634a7b">
                  <caom2:energyAxis>1</caom2:energyAxis>
                  <caom2:energy>
                    <caom2:axis>
                      <caom2:axis>
                        <caom2:ctype>WAVE</caom2:ctype>
                        <caom2:cunit>Angstrom</caom2:cunit>
                      </caom2:axis>
                      <caom2:function>
                        <caom2:naxis>2040</caom2:naxis>
                        <caom2:delta>-1.514</caom2:delta>
                        <caom2:refCoord>
                          <caom2:pix>1020.0</caom2:pix>
                          <caom2:val>16500.0</caom2:val>
                        </caom2:refCoord>
                      </caom2:function>
                    </caom2:axis>
                    <caom2:specsys>TOPOCENT</caom2:specsys>
                  </caom2:energy>
                </caom2:chunk>
              </caom2:chunks>
            </caom2:part>
            <caom2:part caom2:id="5da9bd87-308c-404f-b30b-5d5b9307d247">
              <caom2:name>31</caom2:name>
              <caom2:chunks/>
            </caom2:part>
          </caom2:parts>
        </caom2:artifact>
      </caom2:artifacts>
    </caom2:plane>
  </caom2:planes>
  <caom2:members>
    <caom2:observationURI>caom:GEMINI/GN-2013A-Q-62-55-005</caom2:observationURI>
    <caom2:observationURI>caom:GEMINI/GN-2013A-Q-62-59-012</caom2:observationURI>
    <caom2:observationURI>caom:GEMINI/GN-2013A-Q-62-62-002</caom2:observationURI>
    <caom2:observationURI>caom:GEMINI/GN-2013A-Q-62-59-011</caom2:observationURI>
    <caom2:observationURI>caom:GEMINI/GN-2013A-Q-62-54-001</caom2:observationURI>
  </caom2:members>
</caom2:Observation>
